Archive member included to satisfy reference by file (symbol)

/home/oleksandr/workspace/stm32f746g-disco_hal_lib/Debug/libstm32f746g-disco_hal_lib.a(arm_cos_f32.o)
                              src/LoRa.o (arm_cos_f32)
/home/oleksandr/workspace/stm32f746g-disco_hal_lib/Debug/libstm32f746g-disco_hal_lib.a(arm_sin_f32.o)
                              src/LoRa.o (arm_sin_f32)
/home/oleksandr/workspace/stm32f746g-disco_hal_lib/Debug/libstm32f746g-disco_hal_lib.a(stm32f7xx_hal.o)
                              src/main.o (HAL_Init)
/home/oleksandr/workspace/stm32f746g-disco_hal_lib/Debug/libstm32f746g-disco_hal_lib.a(stm32f7xx_hal_cortex.o)
                              /home/oleksandr/workspace/stm32f746g-disco_hal_lib/Debug/libstm32f746g-disco_hal_lib.a(stm32f7xx_hal.o) (HAL_NVIC_SetPriorityGrouping)
/home/oleksandr/workspace/stm32f746g-disco_hal_lib/Debug/libstm32f746g-disco_hal_lib.a(stm32f7xx_hal_pwr_ex.o)
                              src/main.o (HAL_PWREx_EnableOverDrive)
/home/oleksandr/workspace/stm32f746g-disco_hal_lib/Debug/libstm32f746g-disco_hal_lib.a(stm32f7xx_hal_rcc.o)
                              src/main.o (HAL_RCC_OscConfig)
/home/oleksandr/workspace/stm32f746g-disco_hal_lib/Debug/libstm32f746g-disco_hal_lib.a(stm32746g_discovery_lcd.o)
                              src/main.o (BSP_LCD_Init)
/home/oleksandr/workspace/stm32f746g-disco_hal_lib/Debug/libstm32f746g-disco_hal_lib.a(stm32746g_discovery_sdram.o)
                              /home/oleksandr/workspace/stm32f746g-disco_hal_lib/Debug/libstm32f746g-disco_hal_lib.a(stm32746g_discovery_lcd.o) (BSP_SDRAM_Init)
/home/oleksandr/workspace/stm32f746g-disco_hal_lib/Debug/libstm32f746g-disco_hal_lib.a(arm_common_tables.o)
                              /home/oleksandr/workspace/stm32f746g-disco_hal_lib/Debug/libstm32f746g-disco_hal_lib.a(arm_cos_f32.o) (sinTable_f32)
/home/oleksandr/workspace/stm32f746g-disco_hal_lib/Debug/libstm32f746g-disco_hal_lib.a(stm32f7xx_hal_dma.o)
                              /home/oleksandr/workspace/stm32f746g-disco_hal_lib/Debug/libstm32f746g-disco_hal_lib.a(stm32746g_discovery_sdram.o) (HAL_DMA_Init)
/home/oleksandr/workspace/stm32f746g-disco_hal_lib/Debug/libstm32f746g-disco_hal_lib.a(stm32f7xx_hal_dma2d.o)
                              /home/oleksandr/workspace/stm32f746g-disco_hal_lib/Debug/libstm32f746g-disco_hal_lib.a(stm32746g_discovery_lcd.o) (HAL_DMA2D_Init)
/home/oleksandr/workspace/stm32f746g-disco_hal_lib/Debug/libstm32f746g-disco_hal_lib.a(stm32f7xx_hal_gpio.o)
                              /home/oleksandr/workspace/stm32f746g-disco_hal_lib/Debug/libstm32f746g-disco_hal_lib.a(stm32f7xx_hal_rcc.o) (HAL_GPIO_Init)
/home/oleksandr/workspace/stm32f746g-disco_hal_lib/Debug/libstm32f746g-disco_hal_lib.a(stm32f7xx_hal_ltdc.o)
                              /home/oleksandr/workspace/stm32f746g-disco_hal_lib/Debug/libstm32f746g-disco_hal_lib.a(stm32746g_discovery_lcd.o) (HAL_LTDC_Init)
/home/oleksandr/workspace/stm32f746g-disco_hal_lib/Debug/libstm32f746g-disco_hal_lib.a(stm32f7xx_hal_rcc_ex.o)
                              /home/oleksandr/workspace/stm32f746g-disco_hal_lib/Debug/libstm32f746g-disco_hal_lib.a(stm32746g_discovery_lcd.o) (HAL_RCCEx_PeriphCLKConfig)
/home/oleksandr/workspace/stm32f746g-disco_hal_lib/Debug/libstm32f746g-disco_hal_lib.a(stm32f7xx_hal_sdram.o)
                              /home/oleksandr/workspace/stm32f746g-disco_hal_lib/Debug/libstm32f746g-disco_hal_lib.a(stm32746g_discovery_sdram.o) (HAL_SDRAM_Init)
/home/oleksandr/workspace/stm32f746g-disco_hal_lib/Debug/libstm32f746g-disco_hal_lib.a(stm32f7xx_ll_fmc.o)
                              /home/oleksandr/workspace/stm32f746g-disco_hal_lib/Debug/libstm32f746g-disco_hal_lib.a(stm32f7xx_hal_sdram.o) (FMC_SDRAM_Init)
/home/oleksandr/Ac6/SystemWorkbench/plugins/fr.ac6.mcu.externaltools.arm-none.linux64_1.15.0.201708311556/tools/compiler/bin/../lib/gcc/arm-none-eabi/6.3.1/thumb/v7e-m/fpv5-sp/hard/libgcc.a(_arm_addsubdf3.o)
                              src/LoRa.o (__aeabi_dadd)
/home/oleksandr/Ac6/SystemWorkbench/plugins/fr.ac6.mcu.externaltools.arm-none.linux64_1.15.0.201708311556/tools/compiler/bin/../lib/gcc/arm-none-eabi/6.3.1/thumb/v7e-m/fpv5-sp/hard/libgcc.a(_arm_muldivdf3.o)
                              src/LoRa.o (__aeabi_dmul)
/home/oleksandr/Ac6/SystemWorkbench/plugins/fr.ac6.mcu.externaltools.arm-none.linux64_1.15.0.201708311556/tools/compiler/bin/../lib/gcc/arm-none-eabi/6.3.1/thumb/v7e-m/fpv5-sp/hard/libgcc.a(_arm_fixdfsi.o)
                              src/main.o (__aeabi_d2iz)
/home/oleksandr/Ac6/SystemWorkbench/plugins/fr.ac6.mcu.externaltools.arm-none.linux64_1.15.0.201708311556/tools/compiler/bin/../lib/gcc/arm-none-eabi/6.3.1/thumb/v7e-m/fpv5-sp/hard/libgcc.a(_arm_truncdfsf2.o)
                              src/LoRa.o (__aeabi_d2f)
[...]
Memory Configuration

Name             Origin             Length             Attributes
FLASH            0x0000000008000000 0x0000000000100000 xr
RAM              0x0000000020000000 0x0000000000050000 xrw
*default*        0x0000000000000000 0xffffffffffffffff

Linker script and memory map

LOAD /home/oleksandr/Ac6/SystemWorkbench/plugins/fr.ac6.mcu.externaltools.arm-none.linux64_1.15.0.201708311556/tools/compiler/bin/../lib/gcc/arm-none-eabi/6.3.1/thumb/v7e-m/fpv5-sp/hard/crti.o
LOAD /home/oleksandr/Ac6/SystemWorkbench/plugins/fr.ac6.mcu.externaltools.arm-none.linux64_1.15.0.201708311556/tools/compiler/bin/../lib/gcc/arm-none-eabi/6.3.1/thumb/v7e-m/fpv5-sp/hard/crtbegin.o
LOAD /home/oleksandr/Ac6/SystemWorkbench/plugins/fr.ac6.mcu.externaltools.arm-none.linux64_1.15.0.201708311556/tools/compiler/bin/../lib/gcc/arm-none-eabi/6.3.1/../../../../arm-none-eabi/lib/thumb/v7e-m/fpv5-sp/hard/crt0.o
LOAD /home/oleksandr/Ac6/SystemWorkbench/plugins/fr.ac6.mcu.externaltools.arm-none.linux64_1.15.0.201708311556/tools/compiler/bin/../lib/gcc/arm-none-eabi/6.3.1/../../../../arm-none-eabi/lib/thumb/v7e-m/fpv5-sp/hard/libm.a
LOAD src/LoRa.o
LOAD src/main.o
LOAD src/stm32f7xx_it.o
LOAD src/syscalls.o
LOAD src/system_stm32f7xx.o
LOAD startup/startup_stm32f746xx.o
LOAD /home/oleksandr/workspace/stm32f746g-disco_hal_lib/Debug/libstm32f746g-disco_hal_lib.a
START GROUP
LOAD /home/oleksandr/Ac6/SystemWorkbench/plugins/fr.ac6.mcu.externaltools.arm-none.linux64_1.15.0.201708311556/tools/compiler/bin/../lib/gcc/arm-none-eabi/6.3.1/thumb/v7e-m/fpv5-sp/hard/libgcc.a
LOAD /home/oleksandr/Ac6/SystemWorkbench/plugins/fr.ac6.mcu.externaltools.arm-none.linux64_1.15.0.201708311556/tools/compiler/bin/../lib/gcc/arm-none-eabi/6.3.1/../../../../arm-none-eabi/lib/thumb/v7e-m/fpv5-sp/hard/libc.a
END GROUP
LOAD /home/oleksandr/Ac6/SystemWorkbench/plugins/fr.ac6.mcu.externaltools.arm-none.linux64_1.15.0.201708311556/tools/compiler/bin/../lib/gcc/arm-none-eabi/6.3.1/thumb/v7e-m/fpv5-sp/hard/crtend.o
LOAD /home/oleksandr/Ac6/SystemWorkbench/plugins/fr.ac6.mcu.externaltools.arm-none.linux64_1.15.0.201708311556/tools/compiler/bin/../lib/gcc/arm-none-eabi/6.3.1/thumb/v7e-m/fpv5-sp/hard/crtn.o
                0x0000000020050000                _estack = 0x20050000
                0x0000000000000200                _Min_Heap_Size = 0x200
                0x0000000000000400                _Min_Stack_Size = 0x400

.isr_vector     0x0000000008000000      0x1c8
                0x0000000008000000                . = ALIGN (0x4)
 *(.isr_vector)
 .isr_vector    0x0000000008000000      0x1c8 startup/startup_stm32f746xx.o
                0x0000000008000000                g_pfnVectors
                0x00000000080001c8                . = ALIGN (0x4)

.text           0x00000000080001c8     0x4c14
                0x00000000080001c8                . = ALIGN (0x4)
 *(.text)
 .text          0x00000000080001c8       0x6c /home/oleksandr/Ac6/SystemWorkbench/plugins/fr.ac6.mcu.externaltools.arm-none.linux64_1.15.0.201708311556/tools/compiler/bin/../lib/gcc/arm-none-eabi/6.3.1/thumb/v7e-m/fpv5-sp/hard/crtbegin.o
 .text          0x0000000008000234      0x370 /home/oleksandr/Ac6/SystemWorkbench/plugins/fr.ac6.mcu.externaltools.arm-none.linux64_1.15.0.201708311556/tools/compiler/bin/../lib/gcc/arm-none-eabi/6.3.1/thumb/v7e-m/fpv5-sp/hard/libgcc.a(_arm_addsubdf3.o)
                0x0000000008000234                __aeabi_drsub
                0x000000000800023c                __aeabi_dsub
                0x000000000800023c                __subdf3
                0x0000000008000240                __adddf3
                0x0000000008000240                __aeabi_dadd
                0x00000000080004b8                __aeabi_ui2d
                0x00000000080004b8                __floatunsidf
                0x00000000080004d8                __floatsidf
                0x00000000080004d8                __aeabi_i2d
                0x00000000080004fc                __extendsfdf2
                0x00000000080004fc                __aeabi_f2d
                0x0000000008000538                __aeabi_ul2d
                0x0000000008000538                __floatundidf
                0x0000000008000548                __floatdidf
                0x0000000008000548                __aeabi_l2d
 .text          0x00000000080005a4      0x424 /home/oleksandr/Ac6/SystemWorkbench/plugins/fr.ac6.mcu.externaltools.arm-none.linux64_1.15.0.201708311556/tools/compiler/bin/../lib/gcc/arm-none-eabi/6.3.1/thumb/v7e-m/fpv5-sp/hard/libgcc.a(_arm_muldivdf3.o)
                0x00000000080005a4                __aeabi_dmul
                0x00000000080005a4                __muldf3
                0x00000000080007f8                __aeabi_ddiv
                0x00000000080007f8                __divdf3
 .text          0x00000000080009c8       0x50 /home/oleksandr/Ac6/SystemWorkbench/plugins/fr.ac6.mcu.externaltools.arm-none.linux64_1.15.0.201708311556/tools/compiler/bin/../lib/gcc/arm-none-eabi/6.3.1/thumb/v7e-m/fpv5-sp/hard/libgcc.a(_arm_fixdfsi.o)
                0x00000000080009c8                __fixdfsi
                0x00000000080009c8                __aeabi_d2iz
 .text          0x0000000008000a18       0xa0 /home/oleksandr/Ac6/SystemWorkbench/plugins/fr.ac6.mcu.externaltools.arm-none.linux64_1.15.0.201708311556/tools/compiler/bin/../lib/gcc/arm-none-eabi/6.3.1/thumb/v7e-m/fpv5-sp/hard/libgcc.a(_arm_truncdfsf2.o)
                0x0000000008000a18                __aeabi_d2f
                0x0000000008000a18                __truncdfsf2
 .text          0x0000000008000ab8       0x30 /home/oleksandr/Ac6/SystemWorkbench/plugins/fr.ac6.mcu.externaltools.arm-none.linux64_1.15.0.201708311556/tools/compiler/bin/../lib/gcc/arm-none-eabi/6.3.1/thumb/v7e-m/fpv5-sp/hard/libgcc.a(_aeabi_uldivmod.o)
                0x0000000008000ab8                __aeabi_uldivmod
 .text          0x0000000008000ae8      0x2dc /home/oleksandr/Ac6/SystemWorkbench/plugins/fr.ac6.mcu.externaltools.arm-none.linux64_1.15.0.201708311556/tools/compiler/bin/../lib/gcc/arm-none-eabi/6.3.1/thumb/v7e-m/fpv5-sp/hard/libgcc.a(_udivmoddi4.o)
                0x0000000008000ae8                __udivmoddi4
 .text          0x0000000008000dc4        0x4 /home/oleksandr/Ac6/SystemWorkbench/plugins/fr.ac6.mcu.externaltools.arm-none.linux64_1.15.0.201708311556/tools/compiler/bin/../lib/gcc/arm-none-eabi/6.3.1/thumb/v7e-m/fpv5-sp/hard/libgcc.a(_dvmd_tls.o)
                0x0000000008000dc4                __aeabi_ldiv0
                0x0000000008000dc4                __aeabi_idiv0
 *(.text*)
 .text.LoRa_Modulation
                0x0000000008000dc8      0x1ac src/LoRa.o
                0x0000000008000dc8                LoRa_Modulation
 .text.SCB_EnableICache
                0x0000000008000f74       0x38 src/main.o
 .text.SCB_EnableDCache
                0x0000000008000fac       0x80 src/main.o
 .text.main     0x000000000800102c      0x260 src/main.o
                0x000000000800102c                main
 .text.SystemClock_Config
                0x000000000800128c       0x86 src/main.o
 .text.Error_Handler
                0x0000000008001312        0x6 src/main.o
 .text.MPU_Config
                0x0000000008001318       0x50 src/main.o
 .text.CPU_CACHE_Enable
                0x0000000008001368       0x10 src/main.o
 .text.SysTick_Handler
                0x0000000008001378       0x10 src/stm32f7xx_it.o
                0x0000000008001378                SysTick_Handler
 .text.SystemInit
                0x0000000008001388       0x6c src/system_stm32f7xx.o
                0x0000000008001388                SystemInit
 .text.Reset_Handler
                0x00000000080013f4       0x50 startup/startup_stm32f746xx.o
                0x00000000080013f4                Reset_Handler
 .text.Default_Handler
                0x0000000008001444        0x2 startup/startup_stm32f746xx.o
                0x0000000008001444                RTC_Alarm_IRQHandler
                0x0000000008001444                EXTI2_IRQHandler
                0x0000000008001444                TIM8_CC_IRQHandler
                0x0000000008001444                DebugMon_Handler
                0x0000000008001444                UART8_IRQHandler
                0x0000000008001444                SPI4_IRQHandler
                0x0000000008001444                TIM1_CC_IRQHandler
                0x0000000008001444                DMA2_Stream5_IRQHandler
                0x0000000008001444                HardFault_Handler
                0x0000000008001444                DMA1_Stream5_IRQHandler
                0x0000000008001444                PVD_IRQHandler
                0x0000000008001444                TAMP_STAMP_IRQHandler
                0x0000000008001444                PendSV_Handler
                0x0000000008001444                NMI_Handler
                0x0000000008001444                CAN2_RX1_IRQHandler
                0x0000000008001444                EXTI3_IRQHandler
                0x0000000008001444                TIM8_TRG_COM_TIM14_IRQHandler
                0x0000000008001444                TIM1_UP_TIM10_IRQHandler
                0x0000000008001444                TIM8_UP_TIM13_IRQHandler
                0x0000000008001444                I2C3_ER_IRQHandler
                0x0000000008001444                EXTI0_IRQHandler
                0x0000000008001444                I2C2_EV_IRQHandler
                0x0000000008001444                DMA1_Stream2_IRQHandler
                0x0000000008001444                CAN1_RX0_IRQHandler
                0x0000000008001444                FPU_IRQHandler
                0x0000000008001444                OTG_HS_WKUP_IRQHandler
                0x0000000008001444                UsageFault_Handler
                0x0000000008001444                LTDC_ER_IRQHandler
                0x0000000008001444                CAN2_SCE_IRQHandler
                0x0000000008001444                DMA2_Stream2_IRQHandler
                0x0000000008001444                SPI1_IRQHandler
                0x0000000008001444                TIM6_DAC_IRQHandler
                0x0000000008001444                TIM1_BRK_TIM9_IRQHandler
                0x0000000008001444                DCMI_IRQHandler
                0x0000000008001444                CAN2_RX0_IRQHandler
                0x0000000008001444                DMA2_Stream3_IRQHandler
                0x0000000008001444                SAI2_IRQHandler
                0x0000000008001444                USART6_IRQHandler
                0x0000000008001444                USART3_IRQHandler
                0x0000000008001444                CAN1_RX1_IRQHandler
                0x0000000008001444                UART5_IRQHandler
                0x0000000008001444                DMA2_Stream0_IRQHandler
                0x0000000008001444                TIM4_IRQHandler
                0x0000000008001444                QUADSPI_IRQHandler
                0x0000000008001444                I2C1_EV_IRQHandler
                0x0000000008001444                DMA1_Stream6_IRQHandler
                0x0000000008001444                DMA1_Stream1_IRQHandler
                0x0000000008001444                UART4_IRQHandler
                0x0000000008001444                TIM3_IRQHandler
                0x0000000008001444                RCC_IRQHandler
                0x0000000008001444                TIM8_BRK_TIM12_IRQHandler
                0x0000000008001444                Default_Handler
                0x0000000008001444                CEC_IRQHandler
                0x0000000008001444                EXTI15_10_IRQHandler
                0x0000000008001444                ADC_IRQHandler
                0x0000000008001444                DMA1_Stream7_IRQHandler
                0x0000000008001444                SPI5_IRQHandler
                0x0000000008001444                TIM7_IRQHandler
                0x0000000008001444                SDMMC1_IRQHandler
                0x0000000008001444                CAN2_TX_IRQHandler
                0x0000000008001444                TIM5_IRQHandler
                0x0000000008001444                DMA2_Stream7_IRQHandler
                0x0000000008001444                I2C3_EV_IRQHandler
                0x0000000008001444                EXTI9_5_IRQHandler
                0x0000000008001444                RTC_WKUP_IRQHandler
                0x0000000008001444                LTDC_IRQHandler
                0x0000000008001444                ETH_WKUP_IRQHandler
                0x0000000008001444                SPDIF_RX_IRQHandler
                0x0000000008001444                SPI2_IRQHandler
                0x0000000008001444                OTG_HS_EP1_IN_IRQHandler
                0x0000000008001444                MemManage_Handler
                0x0000000008001444                DMA1_Stream0_IRQHandler
                0x0000000008001444                CAN1_TX_IRQHandler
                0x0000000008001444                SVC_Handler
                0x0000000008001444                EXTI4_IRQHandler
                0x0000000008001444                RNG_IRQHandler
                0x0000000008001444                ETH_IRQHandler
                0x0000000008001444                OTG_HS_EP1_OUT_IRQHandler
                0x0000000008001444                WWDG_IRQHandler
                0x0000000008001444                SPI6_IRQHandler
                0x0000000008001444                I2C4_EV_IRQHandler
                0x0000000008001444                TIM2_IRQHandler
                0x0000000008001444                OTG_FS_WKUP_IRQHandler
                0x0000000008001444                TIM1_TRG_COM_TIM11_IRQHandler
                0x0000000008001444                OTG_HS_IRQHandler
                0x0000000008001444                DMA2D_IRQHandler
                0x0000000008001444                EXTI1_IRQHandler
                0x0000000008001444                UART7_IRQHandler
                0x0000000008001444                USART2_IRQHandler
                0x0000000008001444                I2C2_ER_IRQHandler
                0x0000000008001444                DMA2_Stream1_IRQHandler
                0x0000000008001444                CAN1_SCE_IRQHandler
                0x0000000008001444                FLASH_IRQHandler
                0x0000000008001444                DMA2_Stream4_IRQHandler
                0x0000000008001444                BusFault_Handler
                0x0000000008001444                USART1_IRQHandler
                0x0000000008001444                OTG_FS_IRQHandler
                0x0000000008001444                SPI3_IRQHandler
                0x0000000008001444                DMA1_Stream4_IRQHandler
                0x0000000008001444                I2C1_ER_IRQHandler
                0x0000000008001444                FMC_IRQHandler
                0x0000000008001444                LPTIM1_IRQHandler
                0x0000000008001444                I2C4_ER_IRQHandler
                0x0000000008001444                DMA2_Stream6_IRQHandler
                0x0000000008001444                SAI1_IRQHandler
                0x0000000008001444                DMA1_Stream3_IRQHandler
 *fill*         0x0000000008001446        0x2 
 .text.arm_cos_f32
                0x0000000008001448       0xf8 /home/oleksandr/workspace/stm32f746g-disco_hal_lib/Debug/libstm32f746g-disco_hal_lib.a(arm_cos_f32.o)
                0x0000000008001448                arm_cos_f32
 .text.arm_sin_f32
                0x0000000008001540      0x114 /home/oleksandr/workspace/stm32f746g-disco_hal_lib/Debug/libstm32f746g-disco_hal_lib.a(arm_sin_f32.o)
                0x0000000008001540                arm_sin_f32
 .text.HAL_Init
                0x0000000008001654       0x2c /home/oleksandr/workspace/stm32f746g-disco_hal_lib/Debug/libstm32f746g-disco_hal_lib.a(stm32f7xx_hal.o)
                0x0000000008001654                HAL_Init
 .text.HAL_MspInit
                0x0000000008001680        0xe /home/oleksandr/workspace/stm32f746g-disco_hal_lib/Debug/libstm32f746g-disco_hal_lib.a(stm32f7xx_hal.o)
                0x0000000008001680                HAL_MspInit
 *fill*         0x000000000800168e        0x2 
 .text.HAL_InitTick
                0x0000000008001690       0x60 /home/oleksandr/workspace/stm32f746g-disco_hal_lib/Debug/libstm32f746g-disco_hal_lib.a(stm32f7xx_hal.o)
                0x0000000008001690                HAL_InitTick
 .text.HAL_IncTick
                0x00000000080016f0       0x28 /home/oleksandr/workspace/stm32f746g-disco_hal_lib/Debug/libstm32f746g-disco_hal_lib.a(stm32f7xx_hal.o)
                0x00000000080016f0                HAL_IncTick
 .text.HAL_GetTick
                0x0000000008001718       0x18 /home/oleksandr/workspace/stm32f746g-disco_hal_lib/Debug/libstm32f746g-disco_hal_lib.a(stm32f7xx_hal.o)
                0x0000000008001718                HAL_GetTick
 .text.HAL_Delay
                0x0000000008001730       0x44 /home/oleksandr/workspace/stm32f746g-disco_hal_lib/Debug/libstm32f746g-disco_hal_lib.a(stm32f7xx_hal.o)
                0x0000000008001730                HAL_Delay
 .text.NVIC_SetPriorityGrouping
                0x0000000008001774       0x48 /home/oleksandr/workspace/stm32f746g-disco_hal_lib/Debug/libstm32f746g-disco_hal_lib.a(stm32f7xx_hal_cortex.o)
 .text.NVIC_GetPriorityGrouping
                0x00000000080017bc       0x1c /home/oleksandr/workspace/stm32f746g-disco_hal_lib/Debug/libstm32f746g-disco_hal_lib.a(stm32f7xx_hal_cortex.o)
 .text.NVIC_EnableIRQ
                0x00000000080017d8       0x34 /home/oleksandr/workspace/stm32f746g-disco_hal_lib/Debug/libstm32f746g-disco_hal_lib.a(stm32f7xx_hal_cortex.o)
 .text.NVIC_SetPriority
                0x000000000800180c       0x54 /home/oleksandr/workspace/stm32f746g-disco_hal_lib/Debug/libstm32f746g-disco_hal_lib.a(stm32f7xx_hal_cortex.o)
 .text.NVIC_EncodePriority
                0x0000000008001860       0x62 /home/oleksandr/workspace/stm32f746g-disco_hal_lib/Debug/libstm32f746g-disco_hal_lib.a(stm32f7xx_hal_cortex.o)
 *fill*         0x00000000080018c2        0x2 
 .text.SysTick_Config
                0x00000000080018c4       0x44 /home/oleksandr/workspace/stm32f746g-disco_hal_lib/Debug/libstm32f746g-disco_hal_lib.a(stm32f7xx_hal_cortex.o)
 .text.HAL_NVIC_SetPriorityGrouping
                0x0000000008001908       0x16 /home/oleksandr/workspace/stm32f746g-disco_hal_lib/Debug/libstm32f746g-disco_hal_lib.a(stm32f7xx_hal_cortex.o)
                0x0000000008001908                HAL_NVIC_SetPriorityGrouping
 .text.HAL_NVIC_SetPriority
                0x000000000800191e       0x38 /home/oleksandr/workspace/stm32f746g-disco_hal_lib/Debug/libstm32f746g-disco_hal_lib.a(stm32f7xx_hal_cortex.o)
                0x000000000800191e                HAL_NVIC_SetPriority
 .text.HAL_NVIC_EnableIRQ
                0x0000000008001956       0x1c /home/oleksandr/workspace/stm32f746g-disco_hal_lib/Debug/libstm32f746g-disco_hal_lib.a(stm32f7xx_hal_cortex.o)
                0x0000000008001956                HAL_NVIC_EnableIRQ
 .text.HAL_SYSTICK_Config
                0x0000000008001972       0x18 /home/oleksandr/workspace/stm32f746g-disco_hal_lib/Debug/libstm32f746g-disco_hal_lib.a(stm32f7xx_hal_cortex.o)
                0x0000000008001972                HAL_SYSTICK_Config
 *fill*         0x000000000800198a        0x2 
 .text.HAL_MPU_Disable
                0x000000000800198c       0x2c /home/oleksandr/workspace/stm32f746g-disco_hal_lib/Debug/libstm32f746g-disco_hal_lib.a(stm32f7xx_hal_cortex.o)
                0x000000000800198c                HAL_MPU_Disable
 .text.HAL_MPU_Enable
                0x00000000080019b8       0x3c /home/oleksandr/workspace/stm32f746g-disco_hal_lib/Debug/libstm32f746g-disco_hal_lib.a(stm32f7xx_hal_cortex.o)
                0x00000000080019b8                HAL_MPU_Enable
 .text.HAL_MPU_ConfigRegion
                0x00000000080019f4       0x88 /home/oleksandr/workspace/stm32f746g-disco_hal_lib/Debug/libstm32f746g-disco_hal_lib.a(stm32f7xx_hal_cortex.o)
                0x00000000080019f4                HAL_MPU_ConfigRegion
 .text.HAL_SYSTICK_IRQHandler
                0x0000000008001a7c        0xc /home/oleksandr/workspace/stm32f746g-disco_hal_lib/Debug/libstm32f746g-disco_hal_lib.a(stm32f7xx_hal_cortex.o)
                0x0000000008001a7c                HAL_SYSTICK_IRQHandler
 .text.HAL_SYSTICK_Callback
                0x0000000008001a88        0xe /home/oleksandr/workspace/stm32f746g-disco_hal_lib/Debug/libstm32f746g-disco_hal_lib.a(stm32f7xx_hal_cortex.o)
                0x0000000008001a88                HAL_SYSTICK_Callback
 *fill*         0x0000000008001a96        0x2 
 .text.HAL_PWREx_EnableOverDrive
                0x0000000008001a98       0xa0 /home/oleksandr/workspace/stm32f746g-disco_hal_lib/Debug/libstm32f746g-disco_hal_lib.a(stm32f7xx_hal_pwr_ex.o)
                0x0000000008001a98                HAL_PWREx_EnableOverDrive
 .text.HAL_RCC_OscConfig
                0x0000000008001b38      0x4e0 /home/oleksandr/workspace/stm32f746g-disco_hal_lib/Debug/libstm32f746g-disco_hal_lib.a(stm32f7xx_hal_rcc.o)
                0x0000000008001b38                HAL_RCC_OscConfig
 .text.HAL_RCC_ClockConfig
                0x0000000008002018      0x1d0 /home/oleksandr/workspace/stm32f746g-disco_hal_lib/Debug/libstm32f746g-disco_hal_lib.a(stm32f7xx_hal_rcc.o)
                0x0000000008002018                HAL_RCC_ClockConfig
 .text.HAL_RCC_GetSysClockFreq
                0x00000000080021e8      0x16c /home/oleksandr/workspace/stm32f746g-disco_hal_lib/Debug/libstm32f746g-disco_hal_lib.a(stm32f7xx_hal_rcc.o)
                0x00000000080021e8                HAL_RCC_GetSysClockFreq
 .text.BSP_LCD_Init
                0x0000000008002354       0xe0 /home/oleksandr/workspace/stm32f746g-disco_hal_lib/Debug/libstm32f746g-disco_hal_lib.a(stm32746g_discovery_lcd.o)
                0x0000000008002354                BSP_LCD_Init
 .text.BSP_LCD_GetXSize
                0x0000000008002434       0x28 /home/oleksandr/workspace/stm32f746g-disco_hal_lib/Debug/libstm32f746g-disco_hal_lib.a(stm32746g_discovery_lcd.o)
                0x0000000008002434                BSP_LCD_GetXSize
 .text.BSP_LCD_GetYSize
                0x000000000800245c       0x28 /home/oleksandr/workspace/stm32f746g-disco_hal_lib/Debug/libstm32f746g-disco_hal_lib.a(stm32746g_discovery_lcd.o)
                0x000000000800245c                BSP_LCD_GetYSize
 .text.BSP_LCD_LayerDefaultInit
                0x0000000008002484       0xc0 /home/oleksandr/workspace/stm32f746g-disco_hal_lib/Debug/libstm32f746g-disco_hal_lib.a(stm32746g_discovery_lcd.o)
                0x0000000008002484                BSP_LCD_LayerDefaultInit
 .text.BSP_LCD_SelectLayer
                0x0000000008002544       0x20 /home/oleksandr/workspace/stm32f746g-disco_hal_lib/Debug/libstm32f746g-disco_hal_lib.a(stm32746g_discovery_lcd.o)
                0x0000000008002544                BSP_LCD_SelectLayer
 .text.BSP_LCD_SetLayerVisible
                0x0000000008002564       0x80 /home/oleksandr/workspace/stm32f746g-disco_hal_lib/Debug/libstm32f746g-disco_hal_lib.a(stm32746g_discovery_lcd.o)
                0x0000000008002564                BSP_LCD_SetLayerVisible
 .text.BSP_LCD_SetTextColor
                0x00000000080025e4       0x30 /home/oleksandr/workspace/stm32f746g-disco_hal_lib/Debug/libstm32f746g-disco_hal_lib.a(stm32746g_discovery_lcd.o)
                0x00000000080025e4                BSP_LCD_SetTextColor
 .text.BSP_LCD_SetBackColor
                0x0000000008002614       0x34 /home/oleksandr/workspace/stm32f746g-disco_hal_lib/Debug/libstm32f746g-disco_hal_lib.a(stm32746g_discovery_lcd.o)
                0x0000000008002614                BSP_LCD_SetBackColor
 .text.BSP_LCD_SetFont
                0x0000000008002648       0x34 /home/oleksandr/workspace/stm32f746g-disco_hal_lib/Debug/libstm32f746g-disco_hal_lib.a(stm32746g_discovery_lcd.o)
                0x0000000008002648                BSP_LCD_SetFont
 .text.BSP_LCD_Clear
                0x000000000800267c       0x50 /home/oleksandr/workspace/stm32f746g-disco_hal_lib/Debug/libstm32f746g-disco_hal_lib.a(stm32746g_discovery_lcd.o)
                0x000000000800267c                BSP_LCD_Clear
 .text.BSP_LCD_DrawLine
                0x00000000080026cc      0x198 /home/oleksandr/workspace/stm32f746g-disco_hal_lib/Debug/libstm32f746g-disco_hal_lib.a(stm32746g_discovery_lcd.o)
                0x00000000080026cc                BSP_LCD_DrawLine
 .text.BSP_LCD_DrawPixel
                0x0000000008002864       0x90 /home/oleksandr/workspace/stm32f746g-disco_hal_lib/Debug/libstm32f746g-disco_hal_lib.a(stm32746g_discovery_lcd.o)
                0x0000000008002864                BSP_LCD_DrawPixel
 .text.BSP_LCD_DisplayOn
                0x00000000080028f4       0x3c /home/oleksandr/workspace/stm32f746g-disco_hal_lib/Debug/libstm32f746g-disco_hal_lib.a(stm32746g_discovery_lcd.o)
                0x00000000080028f4                BSP_LCD_DisplayOn
 .text.BSP_LCD_MspInit
                0x0000000008002930      0x1b4 /home/oleksandr/workspace/stm32f746g-disco_hal_lib/Debug/libstm32f746g-disco_hal_lib.a(stm32746g_discovery_lcd.o)
                0x0000000008002930                BSP_LCD_MspInit
 .text.BSP_LCD_ClockConfig
                0x0000000008002ae4       0x38 /home/oleksandr/workspace/stm32f746g-disco_hal_lib/Debug/libstm32f746g-disco_hal_lib.a(stm32746g_discovery_lcd.o)
                0x0000000008002ae4                BSP_LCD_ClockConfig
 .text.LL_FillBuffer
                0x0000000008002b1c       0x98 /home/oleksandr/workspace/stm32f746g-disco_hal_lib/Debug/libstm32f746g-disco_hal_lib.a(stm32746g_discovery_lcd.o)
 .text.BSP_SDRAM_Init
                0x0000000008002bb4       0xbc /home/oleksandr/workspace/stm32f746g-disco_hal_lib/Debug/libstm32f746g-disco_hal_lib.a(stm32746g_discovery_sdram.o)
                0x0000000008002bb4                BSP_SDRAM_Init
 .text.BSP_SDRAM_Initialization_sequence
                0x0000000008002c70       0xc0 /home/oleksandr/workspace/stm32f746g-disco_hal_lib/Debug/libstm32f746g-disco_hal_lib.a(stm32746g_discovery_sdram.o)
                0x0000000008002c70                BSP_SDRAM_Initialization_sequence
 .text.BSP_SDRAM_MspInit
                0x0000000008002d30      0x1f0 /home/oleksandr/workspace/stm32f746g-disco_hal_lib/Debug/libstm32f746g-disco_hal_lib.a(stm32746g_discovery_sdram.o)
                0x0000000008002d30                BSP_SDRAM_MspInit
 .text.HAL_DMA_Init
                0x0000000008002f20      0x15c /home/oleksandr/workspace/stm32f746g-disco_hal_lib/Debug/libstm32f746g-disco_hal_lib.a(stm32f7xx_hal_dma.o)
                0x0000000008002f20                HAL_DMA_Init
 .text.HAL_DMA_DeInit
                0x000000000800307c       0xbc /home/oleksandr/workspace/stm32f746g-disco_hal_lib/Debug/libstm32f746g-disco_hal_lib.a(stm32f7xx_hal_dma.o)
                0x000000000800307c                HAL_DMA_DeInit
 .text.DMA_CalcBaseAndBitshift
                0x0000000008003138       0x6c /home/oleksandr/workspace/stm32f746g-disco_hal_lib/Debug/libstm32f746g-disco_hal_lib.a(stm32f7xx_hal_dma.o)
 .text.DMA_CheckFifoParam
                0x00000000080031a4       0xf4 /home/oleksandr/workspace/stm32f746g-disco_hal_lib/Debug/libstm32f746g-disco_hal_lib.a(stm32f7xx_hal_dma.o)
 .text.HAL_DMA2D_Init
                0x0000000008003298       0x94 /home/oleksandr/workspace/stm32f746g-disco_hal_lib/Debug/libstm32f746g-disco_hal_lib.a(stm32f7xx_hal_dma2d.o)
                0x0000000008003298                HAL_DMA2D_Init
 .text.HAL_DMA2D_MspInit
                0x000000000800332c       0x14 /home/oleksandr/workspace/stm32f746g-disco_hal_lib/Debug/libstm32f746g-disco_hal_lib.a(stm32f7xx_hal_dma2d.o)
                0x000000000800332c                HAL_DMA2D_MspInit
 .text.HAL_DMA2D_Start
                0x0000000008003340       0x56 /home/oleksandr/workspace/stm32f746g-disco_hal_lib/Debug/libstm32f746g-disco_hal_lib.a(stm32f7xx_hal_dma2d.o)
                0x0000000008003340                HAL_DMA2D_Start
 .text.HAL_DMA2D_PollForTransfer
                0x0000000008003396      0x1d0 /home/oleksandr/workspace/stm32f746g-disco_hal_lib/Debug/libstm32f746g-disco_hal_lib.a(stm32f7xx_hal_dma2d.o)
                0x0000000008003396                HAL_DMA2D_PollForTransfer
 *fill*         0x0000000008003566        0x2 
 .text.HAL_DMA2D_ConfigLayer
                0x0000000008003568      0x128 /home/oleksandr/workspace/stm32f746g-disco_hal_lib/Debug/libstm32f746g-disco_hal_lib.a(stm32f7xx_hal_dma2d.o)
                0x0000000008003568                HAL_DMA2D_ConfigLayer
 .text.DMA2D_SetConfig
                0x0000000008003690      0x14c /home/oleksandr/workspace/stm32f746g-disco_hal_lib/Debug/libstm32f746g-disco_hal_lib.a(stm32f7xx_hal_dma2d.o)
 .text.HAL_GPIO_Init
                0x00000000080037dc      0x354 /home/oleksandr/workspace/stm32f746g-disco_hal_lib/Debug/libstm32f746g-disco_hal_lib.a(stm32f7xx_hal_gpio.o)
                0x00000000080037dc                HAL_GPIO_Init
 .text.HAL_GPIO_WritePin
                0x0000000008003b30       0x32 /home/oleksandr/workspace/stm32f746g-disco_hal_lib/Debug/libstm32f746g-disco_hal_lib.a(stm32f7xx_hal_gpio.o)
                0x0000000008003b30                HAL_GPIO_WritePin
 *fill*         0x0000000008003b62        0x2 
 .text.HAL_LTDC_Init
                0x0000000008003b64      0x1b8 /home/oleksandr/workspace/stm32f746g-disco_hal_lib/Debug/libstm32f746g-disco_hal_lib.a(stm32f7xx_hal_ltdc.o)
                0x0000000008003b64                HAL_LTDC_Init
 .text.HAL_LTDC_MspInit
                0x0000000008003d1c       0x14 /home/oleksandr/workspace/stm32f746g-disco_hal_lib/Debug/libstm32f746g-disco_hal_lib.a(stm32f7xx_hal_ltdc.o)
                0x0000000008003d1c                HAL_LTDC_MspInit
 .text.HAL_LTDC_ConfigLayer
                0x0000000008003d30       0x7c /home/oleksandr/workspace/stm32f746g-disco_hal_lib/Debug/libstm32f746g-disco_hal_lib.a(stm32f7xx_hal_ltdc.o)
                0x0000000008003d30                HAL_LTDC_ConfigLayer
 .text.HAL_LTDC_GetState
                0x0000000008003dac       0x1c /home/oleksandr/workspace/stm32f746g-disco_hal_lib/Debug/libstm32f746g-disco_hal_lib.a(stm32f7xx_hal_ltdc.o)
                0x0000000008003dac                HAL_LTDC_GetState
 .text.LTDC_SetConfig
                0x0000000008003dc8      0x350 /home/oleksandr/workspace/stm32f746g-disco_hal_lib/Debug/libstm32f746g-disco_hal_lib.a(stm32f7xx_hal_ltdc.o)
 .text.HAL_RCCEx_PeriphCLKConfig
                0x0000000008004118      0x7dc /home/oleksandr/workspace/stm32f746g-disco_hal_lib/Debug/libstm32f746g-disco_hal_lib.a(stm32f7xx_hal_rcc_ex.o)
                0x0000000008004118                HAL_RCCEx_PeriphCLKConfig
 .text.HAL_SDRAM_Init
                0x00000000080048f4       0x68 /home/oleksandr/workspace/stm32f746g-disco_hal_lib/Debug/libstm32f746g-disco_hal_lib.a(stm32f7xx_hal_sdram.o)
                0x00000000080048f4                HAL_SDRAM_Init
 .text.HAL_SDRAM_MspInit
                0x000000000800495c       0x14 /home/oleksandr/workspace/stm32f746g-disco_hal_lib/Debug/libstm32f746g-disco_hal_lib.a(stm32f7xx_hal_sdram.o)
                0x000000000800495c                HAL_SDRAM_MspInit
 .text.HAL_SDRAM_SendCommand
                0x0000000008004970       0x56 /home/oleksandr/workspace/stm32f746g-disco_hal_lib/Debug/libstm32f746g-disco_hal_lib.a(stm32f7xx_hal_sdram.o)
                0x0000000008004970                HAL_SDRAM_SendCommand
 .text.HAL_SDRAM_ProgramRefreshRate
                0x00000000080049c6       0x40 /home/oleksandr/workspace/stm32f746g-disco_hal_lib/Debug/libstm32f746g-disco_hal_lib.a(stm32f7xx_hal_sdram.o)
                0x00000000080049c6                HAL_SDRAM_ProgramRefreshRate
 *fill*         0x0000000008004a06        0x2 
 .text.FMC_SDRAM_Init
                0x0000000008004a08       0xe4 /home/oleksandr/workspace/stm32f746g-disco_hal_lib/Debug/libstm32f746g-disco_hal_lib.a(stm32f7xx_ll_fmc.o)
                0x0000000008004a08                FMC_SDRAM_Init
 .text.FMC_SDRAM_Timing_Init
                0x0000000008004aec      0x100 /home/oleksandr/workspace/stm32f746g-disco_hal_lib/Debug/libstm32f746g-disco_hal_lib.a(stm32f7xx_ll_fmc.o)
                0x0000000008004aec                FMC_SDRAM_Timing_Init
 .text.FMC_SDRAM_SendCommand
                0x0000000008004bec       0x42 /home/oleksandr/workspace/stm32f746g-disco_hal_lib/Debug/libstm32f746g-disco_hal_lib.a(stm32f7xx_ll_fmc.o)
                0x0000000008004bec                FMC_SDRAM_SendCommand
 .text.FMC_SDRAM_ProgramRefreshRate
                0x0000000008004c2e       0x26 /home/oleksandr/workspace/stm32f746g-disco_hal_lib/Debug/libstm32f746g-disco_hal_lib.a(stm32f7xx_ll_fmc.o)
                0x0000000008004c2e                FMC_SDRAM_ProgramRefreshRate
 .text.__libc_init_array
                0x0000000008004c54       0x50 /home/oleksandr/Ac6/SystemWorkbench/plugins/fr.ac6.mcu.externaltools.arm-none.linux64_1.15.0.201708311556/tools/compiler/bin/../lib/gcc/arm-none-eabi/6.3.1/../../../../arm-none-eabi/lib/thumb/v7e-m/fpv5-sp/hard/libc.a(lib_a-init.o)
                0x0000000008004c54                __libc_init_array
 .text.startup.register_fini
                0x0000000008004ca4       0x14 /home/oleksandr/Ac6/SystemWorkbench/plugins/fr.ac6.mcu.externaltools.arm-none.linux64_1.15.0.201708311556/tools/compiler/bin/../lib/gcc/arm-none-eabi/6.3.1/../../../../arm-none-eabi/lib/thumb/v7e-m/fpv5-sp/hard/libc.a(lib_a-__call_atexit.o)
 .text.atexit   0x0000000008004cb8        0xc /home/oleksandr/Ac6/SystemWorkbench/plugins/fr.ac6.mcu.externaltools.arm-none.linux64_1.15.0.201708311556/tools/compiler/bin/../lib/gcc/arm-none-eabi/6.3.1/../../../../arm-none-eabi/lib/thumb/v7e-m/fpv5-sp/hard/libc.a(lib_a-atexit.o)
                0x0000000008004cb8                atexit
 .text.__libc_fini_array
                0x0000000008004cc4       0x34 /home/oleksandr/Ac6/SystemWorkbench/plugins/fr.ac6.mcu.externaltools.arm-none.linux64_1.15.0.201708311556/tools/compiler/bin/../lib/gcc/arm-none-eabi/6.3.1/../../../../arm-none-eabi/lib/thumb/v7e-m/fpv5-sp/hard/libc.a(lib_a-fini.o)
                0x0000000008004cc4                __libc_fini_array
 .text.__retarget_lock_acquire_recursive
                0x0000000008004cf8        0x4 /home/oleksandr/Ac6/SystemWorkbench/plugins/fr.ac6.mcu.externaltools.arm-none.linux64_1.15.0.201708311556/tools/compiler/bin/../lib/gcc/arm-none-eabi/6.3.1/../../../../arm-none-eabi/lib/thumb/v7e-m/fpv5-sp/hard/libc.a(lib_a-lock.o)
                0x0000000008004cf8                __retarget_lock_acquire_recursive
 .text.__retarget_lock_release_recursive
                0x0000000008004cfc        0x4 /home/oleksandr/Ac6/SystemWorkbench/plugins/fr.ac6.mcu.externaltools.arm-none.linux64_1.15.0.201708311556/tools/compiler/bin/../lib/gcc/arm-none-eabi/6.3.1/../../../../arm-none-eabi/lib/thumb/v7e-m/fpv5-sp/hard/libc.a(lib_a-lock.o)
                0x0000000008004cfc                __retarget_lock_release_recursive
 .text.__register_exitproc
                0x0000000008004d00       0xc4 /home/oleksandr/Ac6/SystemWorkbench/plugins/fr.ac6.mcu.externaltools.arm-none.linux64_1.15.0.201708311556/tools/compiler/bin/../lib/gcc/arm-none-eabi/6.3.1/../../../../arm-none-eabi/lib/thumb/v7e-m/fpv5-sp/hard/libc.a(lib_a-__atexit.o)
                0x0000000008004d00                __register_exitproc
 *(.glue_7)
 .glue_7        0x0000000008004dc4        0x0 linker stubs
 *(.glue_7t)
 .glue_7t       0x0000000008004dc4        0x0 linker stubs
 *(.eh_frame)
 .eh_frame      0x0000000008004dc4        0x0 /home/oleksandr/Ac6/SystemWorkbench/plugins/fr.ac6.mcu.externaltools.arm-none.linux64_1.15.0.201708311556/tools/compiler/bin/../lib/gcc/arm-none-eabi/6.3.1/thumb/v7e-m/fpv5-sp/hard/crtbegin.o
 *(.init)
 .init          0x0000000008004dc4        0x4 /home/oleksandr/Ac6/SystemWorkbench/plugins/fr.ac6.mcu.externaltools.arm-none.linux64_1.15.0.201708311556/tools/compiler/bin/../lib/gcc/arm-none-eabi/6.3.1/thumb/v7e-m/fpv5-sp/hard/crti.o
                0x0000000008004dc4                _init
 .init          0x0000000008004dc8        0x8 /home/oleksandr/Ac6/SystemWorkbench/plugins/fr.ac6.mcu.externaltools.arm-none.linux64_1.15.0.201708311556/tools/compiler/bin/../lib/gcc/arm-none-eabi/6.3.1/thumb/v7e-m/fpv5-sp/hard/crtn.o
 *(.fini)
 .fini          0x0000000008004dd0        0x4 /home/oleksandr/Ac6/SystemWorkbench/plugins/fr.ac6.mcu.externaltools.arm-none.linux64_1.15.0.201708311556/tools/compiler/bin/../lib/gcc/arm-none-eabi/6.3.1/thumb/v7e-m/fpv5-sp/hard/crti.o
                0x0000000008004dd0                _fini
 .fini          0x0000000008004dd4        0x8 /home/oleksandr/Ac6/SystemWorkbench/plugins/fr.ac6.mcu.externaltools.arm-none.linux64_1.15.0.201708311556/tools/compiler/bin/../lib/gcc/arm-none-eabi/6.3.1/thumb/v7e-m/fpv5-sp/hard/crtn.o
                0x0000000008004ddc                . = ALIGN (0x4)
                0x0000000008004ddc                _etext = .

.vfp11_veneer   0x0000000008004ddc        0x0
 .vfp11_veneer  0x0000000008004ddc        0x0 linker stubs

.v4_bx          0x0000000008004ddc        0x0
 .v4_bx         0x0000000008004ddc        0x0 linker stubs

.iplt           0x0000000008004ddc        0x0
 .iplt          0x0000000008004ddc        0x0 /home/oleksandr/Ac6/SystemWorkbench/plugins/fr.ac6.mcu.externaltools.arm-none.linux64_1.15.0.201708311556/tools/compiler/bin/../lib/gcc/arm-none-eabi/6.3.1/thumb/v7e-m/fpv5-sp/hard/crtbegin.o

.rodata         0x0000000008004ddc    0x38bcc
                0x0000000008004ddc                . = ALIGN (0x4)
 *(.rodata)
 .rodata        0x0000000008004ddc       0x18 src/system_stm32f7xx.o
                0x0000000008004ddc                AHBPrescTable
                0x0000000008004dec                APBPrescTable
 .rodata        0x0000000008004df4     0x3cdc /home/oleksandr/workspace/stm32f746g-disco_hal_lib/Debug/libstm32f746g-disco_hal_lib.a(stm32746g_discovery_lcd.o)
                0x0000000008004df4                Font24_Table
                0x00000000080068ac                Font20_Table
                0x0000000008007784                Font16_Table
                0x0000000008008364                Font12_Table
                0x00000000080087d8                Font8_Table
 .rodata        0x0000000008008ad0    0x34eca /home/oleksandr/workspace/stm32f746g-disco_hal_lib/Debug/libstm32f746g-disco_hal_lib.a(arm_common_tables.o)
                0x0000000008008ad0                armBitRevTable
                0x00000000080092d0                twiddleCoef_16
                0x0000000008009350                twiddleCoef_32
                0x0000000008009450                twiddleCoef_64
                0x0000000008009650                twiddleCoef_128
                0x0000000008009a50                twiddleCoef_256
                0x000000000800a250                twiddleCoef_512
                0x000000000800b250                twiddleCoef_1024
                0x000000000800d250                twiddleCoef_2048
                0x0000000008011250                twiddleCoef_4096
                0x0000000008019250                twiddleCoef_16_q31
                0x00000000080192b0                twiddleCoef_32_q31
                0x0000000008019370                twiddleCoef_64_q31
                0x00000000080194f0                twiddleCoef_128_q31
                0x00000000080197f0                twiddleCoef_256_q31
                0x0000000008019df0                twiddleCoef_512_q31
                0x000000000801a9f0                twiddleCoef_1024_q31
                0x000000000801c1f0                twiddleCoef_2048_q31
                0x000000000801f1f0                twiddleCoef_4096_q31
                0x00000000080251f0                twiddleCoef_16_q15
                0x0000000008025220                twiddleCoef_32_q15
                0x0000000008025280                twiddleCoef_64_q15
                0x0000000008025340                twiddleCoef_128_q15
                0x00000000080254c0                twiddleCoef_256_q15
                0x00000000080257c0                twiddleCoef_512_q15
                0x0000000008025dc0                twiddleCoef_1024_q15
                0x00000000080269c0                twiddleCoef_2048_q15
                0x00000000080281c0                twiddleCoef_4096_q15
                0x000000000802b1c0                armRecipTableQ15
                0x000000000802b240                armRecipTableQ31
                0x000000000802b340                armBitRevIndexTable16
                0x000000000802b368                armBitRevIndexTable32
                0x000000000802b3c8                armBitRevIndexTable64
                0x000000000802b438                armBitRevIndexTable128
                0x000000000802b5d8                armBitRevIndexTable256
                0x000000000802b948                armBitRevIndexTable512
                0x000000000802bcc8                armBitRevIndexTable1024
                0x000000000802cad8                armBitRevIndexTable2048
                0x000000000802e898                armBitRevIndexTable4096
                0x0000000008030818                armBitRevIndexTable_fixed_16
                0x0000000008030830                armBitRevIndexTable_fixed_32
                0x0000000008030860                armBitRevIndexTable_fixed_64
                0x00000000080308d0                armBitRevIndexTable_fixed_128
                0x00000000080309b0                armBitRevIndexTable_fixed_256
                0x0000000008030b90                armBitRevIndexTable_fixed_512
                0x0000000008030f50                armBitRevIndexTable_fixed_1024
                0x0000000008031710                armBitRevIndexTable_fixed_2048
                0x0000000008032690                armBitRevIndexTable_fixed_4096
                0x0000000008034610                twiddleCoef_rfft_32
                0x0000000008034690                twiddleCoef_rfft_64
                0x0000000008034790                twiddleCoef_rfft_128
                0x0000000008034990                twiddleCoef_rfft_256
                0x0000000008034d90                twiddleCoef_rfft_512
                0x0000000008035590                twiddleCoef_rfft_1024
                0x0000000008036590                twiddleCoef_rfft_2048
                0x0000000008038590                twiddleCoef_rfft_4096
                0x000000000803c590                sinTable_f32
                0x000000000803cd94                sinTable_q31
                0x000000000803d598                sinTable_q15
 *fill*         0x000000000803d99a        0x2 
 .rodata        0x000000000803d99c        0x8 /home/oleksandr/workspace/stm32f746g-disco_hal_lib/Debug/libstm32f746g-disco_hal_lib.a(stm32f7xx_hal_dma.o)
 *(.rodata*)
 .rodata._global_impure_ptr
                0x000000000803d9a4        0x4 /home/oleksandr/Ac6/SystemWorkbench/plugins/fr.ac6.mcu.externaltools.arm-none.linux64_1.15.0.201708311556/tools/compiler/bin/../lib/gcc/arm-none-eabi/6.3.1/../../../../arm-none-eabi/lib/thumb/v7e-m/fpv5-sp/hard/libc.a(lib_a-impure.o)
                0x000000000803d9a4                _global_impure_ptr
                0x000000000803d9a8                . = ALIGN (0x4)

.ARM.extab
 *(.ARM.extab* .gnu.linkonce.armextab.*)

.ARM            0x000000000803d9a8        0x8
                0x000000000803d9a8                __exidx_start = .
 *(.ARM.exidx*)
 .ARM.exidx     0x000000000803d9a8        0x8 /home/oleksandr/Ac6/SystemWorkbench/plugins/fr.ac6.mcu.externaltools.arm-none.linux64_1.15.0.201708311556/tools/compiler/bin/../lib/gcc/arm-none-eabi/6.3.1/thumb/v7e-m/fpv5-sp/hard/libgcc.a(_udivmoddi4.o)
                0x000000000803d9b0                __exidx_end = .

.rel.dyn        0x000000000803d9b0        0x0
 .rel.iplt      0x000000000803d9b0        0x0 /home/oleksandr/Ac6/SystemWorkbench/plugins/fr.ac6.mcu.externaltools.arm-none.linux64_1.15.0.201708311556/tools/compiler/bin/../lib/gcc/arm-none-eabi/6.3.1/thumb/v7e-m/fpv5-sp/hard/crtbegin.o

.preinit_array  0x000000000803d9b0        0x0
                0x000000000803d9b0                PROVIDE (__preinit_array_start, .)
 *(.preinit_array*)
                0x000000000803d9b0                PROVIDE (__preinit_array_end, .)

.init_array     0x000000000803d9b0        0x8
                0x000000000803d9b0                PROVIDE (__init_array_start, .)
 *(SORT(.init_array.*))
 .init_array.00000
                0x000000000803d9b0        0x4 /home/oleksandr/Ac6/SystemWorkbench/plugins/fr.ac6.mcu.externaltools.arm-none.linux64_1.15.0.201708311556/tools/compiler/bin/../lib/gcc/arm-none-eabi/6.3.1/../../../../arm-none-eabi/lib/thumb/v7e-m/fpv5-sp/hard/libc.a(lib_a-__call_atexit.o)
 *(.init_array*)
 .init_array    0x000000000803d9b4        0x4 /home/oleksandr/Ac6/SystemWorkbench/plugins/fr.ac6.mcu.externaltools.arm-none.linux64_1.15.0.201708311556/tools/compiler/bin/../lib/gcc/arm-none-eabi/6.3.1/thumb/v7e-m/fpv5-sp/hard/crtbegin.o
                0x000000000803d9b8                PROVIDE (__init_array_end, .)

.fini_array     0x000000000803d9b8        0x4
                0x000000000803d9b8                PROVIDE (__fini_array_start, .)
 *(SORT(.fini_array.*))
 *(.fini_array*)
 .fini_array    0x000000000803d9b8        0x4 /home/oleksandr/Ac6/SystemWorkbench/plugins/fr.ac6.mcu.externaltools.arm-none.linux64_1.15.0.201708311556/tools/compiler/bin/../lib/gcc/arm-none-eabi/6.3.1/thumb/v7e-m/fpv5-sp/hard/crtbegin.o
                0x000000000803d9bc                PROVIDE (__fini_array_end, .)
                0x000000000803d9bc                _sidata = LOADADDR (.data)

.data           0x0000000020000000      0x464 load address 0x000000000803d9bc
                0x0000000020000000                . = ALIGN (0x4)
                0x0000000020000000                _sdata = .
 *(.data)
 .data          0x0000000020000000        0x4 src/system_stm32f7xx.o
                0x0000000020000000                SystemCoreClock
 .data          0x0000000020000004        0x5 /home/oleksandr/workspace/stm32f746g-disco_hal_lib/Debug/libstm32f746g-disco_hal_lib.a(stm32f7xx_hal.o)
                0x0000000020000004                uwTickPrio
                0x0000000020000008                uwTickFreq
 *fill*         0x0000000020000009        0x3 
 .data          0x000000002000000c       0x28 /home/oleksandr/workspace/stm32f746g-disco_hal_lib/Debug/libstm32f746g-disco_hal_lib.a(stm32746g_discovery_lcd.o)
                0x000000002000000c                Font24
                0x0000000020000014                Font20
                0x000000002000001c                Font16
                0x0000000020000024                Font12
                0x000000002000002c                Font8
 .data          0x0000000020000034        0x2 /home/oleksandr/workspace/stm32f746g-disco_hal_lib/Debug/libstm32f746g-disco_hal_lib.a(stm32746g_discovery_sdram.o)
 *(.data*)
 *fill*         0x0000000020000036        0x2 
 .data.impure_data
                0x0000000020000038      0x428 /home/oleksandr/Ac6/SystemWorkbench/plugins/fr.ac6.mcu.externaltools.arm-none.linux64_1.15.0.201708311556/tools/compiler/bin/../lib/gcc/arm-none-eabi/6.3.1/../../../../arm-none-eabi/lib/thumb/v7e-m/fpv5-sp/hard/libc.a(lib_a-impure.o)
 .data.__atexit_recursive_mutex
                0x0000000020000460        0x4 /home/oleksandr/Ac6/SystemWorkbench/plugins/fr.ac6.mcu.externaltools.arm-none.linux64_1.15.0.201708311556/tools/compiler/bin/../lib/gcc/arm-none-eabi/6.3.1/../../../../arm-none-eabi/lib/thumb/v7e-m/fpv5-sp/hard/libc.a(lib_a-__call_atexit.o)
                0x0000000020000460                __atexit_recursive_mutex
                0x0000000020000464                . = ALIGN (0x4)
                0x0000000020000464                _edata = .

.jcr            0x0000000020000464        0x0 load address 0x000000000803de20
 .jcr           0x0000000020000464        0x0 /home/oleksandr/Ac6/SystemWorkbench/plugins/fr.ac6.mcu.externaltools.arm-none.linux64_1.15.0.201708311556/tools/compiler/bin/../lib/gcc/arm-none-eabi/6.3.1/thumb/v7e-m/fpv5-sp/hard/crtbegin.o

.igot.plt       0x0000000020000464        0x0 load address 0x000000000803de20
 .igot.plt      0x0000000020000464        0x0 /home/oleksandr/Ac6/SystemWorkbench/plugins/fr.ac6.mcu.externaltools.arm-none.linux64_1.15.0.201708311556/tools/compiler/bin/../lib/gcc/arm-none-eabi/6.3.1/thumb/v7e-m/fpv5-sp/hard/crtbegin.o
                0x0000000020000464                . = ALIGN (0x4)

.bss            0x0000000020000464     0x72ec load address 0x000000000803de20
                0x0000000020000464                _sbss = .
                0x0000000020000464                __bss_start__ = _sbss
 *(.bss)
 .bss           0x0000000020000464       0x1c /home/oleksandr/Ac6/SystemWorkbench/plugins/fr.ac6.mcu.externaltools.arm-none.linux64_1.15.0.201708311556/tools/compiler/bin/../lib/gcc/arm-none-eabi/6.3.1/thumb/v7e-m/fpv5-sp/hard/crtbegin.o
 .bss           0x0000000020000480       0xe0 /home/oleksandr/workspace/stm32f746g-disco_hal_lib/Debug/libstm32f746g-disco_hal_lib.a(stm32746g_discovery_lcd.o)
 .bss           0x0000000020000560       0xec /home/oleksandr/workspace/stm32f746g-disco_hal_lib/Debug/libstm32f746g-disco_hal_lib.a(stm32746g_discovery_sdram.o)
 *(.bss*)
 *(COMMON)
 COMMON         0x000000002000064c     0x3000 src/LoRa.o
                0x000000002000064c                out_preamble_I
                0x000000002000164c                out_preamble_Q
                0x000000002000264c                out_phase
 COMMON         0x000000002000364c     0x4000 src/main.o
                0x000000002000364c                tmp_buf_I
                0x000000002000464c                out_buf_Q
                0x000000002000564c                out_buf_I
                0x000000002000664c                tmp_buf_Q
 COMMON         0x000000002000764c        0x4 /home/oleksandr/workspace/stm32f746g-disco_hal_lib/Debug/libstm32f746g-disco_hal_lib.a(stm32f7xx_hal.o)
                0x000000002000764c                uwTick
 COMMON         0x0000000020007650       0xa8 /home/oleksandr/workspace/stm32f746g-disco_hal_lib/Debug/libstm32f746g-disco_hal_lib.a(stm32746g_discovery_lcd.o)
                0x0000000020007650                hLtdcHandler
 COMMON         0x00000000200076f8       0x34 /home/oleksandr/workspace/stm32f746g-disco_hal_lib/Debug/libstm32f746g-disco_hal_lib.a(stm32746g_discovery_sdram.o)
                0x00000000200076f8                sdramHandle
 COMMON         0x000000002000772c       0x21 /home/oleksandr/Ac6/SystemWorkbench/plugins/fr.ac6.mcu.externaltools.arm-none.linux64_1.15.0.201708311556/tools/compiler/bin/../lib/gcc/arm-none-eabi/6.3.1/../../../../arm-none-eabi/lib/thumb/v7e-m/fpv5-sp/hard/libc.a(lib_a-lock.o)
                0x000000002000772c                __lock___atexit_recursive_mutex
                0x0000000020007730                __lock___arc4random_mutex
                0x0000000020007734                __lock___env_recursive_mutex
                0x0000000020007738                __lock___sinit_recursive_mutex
                0x000000002000773c                __lock___malloc_recursive_mutex
                0x0000000020007740                __lock___at_quick_exit_mutex
                0x0000000020007744                __lock___dd_hash_mutex
                0x0000000020007748                __lock___tz_mutex
                0x000000002000774c                __lock___sfp_recursive_mutex
                0x0000000020007750                . = ALIGN (0x4)
 *fill*         0x000000002000774d        0x3 
                0x0000000020007750                _ebss = .
                0x0000000020007750                __bss_end__ = _ebss

._user_heap_stack
                0x0000000020007750      0x600 load address 0x000000000803de20
                0x0000000020007750                . = ALIGN (0x8)
                0x0000000020007750                PROVIDE (end, .)
                [!provide]                        PROVIDE (_end, .)
                0x0000000020007950                . = (. + _Min_Heap_Size)
 *fill*         0x0000000020007750      0x200 
                0x0000000020007d50                . = (. + _Min_Stack_Size)
 *fill*         0x0000000020007950      0x400 
                0x0000000020007d50                . = ALIGN (0x8)

/DISCARD/
 libc.a(*)
 libm.a(*)
 libgcc.a(*)

.ARM.attributes
                0x0000000000000000       0x30
 *(.ARM.attributes)
 .ARM.attributes
                0x0000000000000000       0x22 /home/oleksandr/Ac6/SystemWorkbench/plugins/fr.ac6.mcu.externaltools.arm-none.linux64_1.15.0.201708311556/tools/compiler/bin/../lib/gcc/arm-none-eabi/6.3.1/thumb/v7e-m/fpv5-sp/hard/crti.o
 .ARM.attributes
                0x0000000000000022       0x34 /home/oleksandr/Ac6/SystemWorkbench/plugins/fr.ac6.mcu.externaltools.arm-none.linux64_1.15.0.201708311556/tools/compiler/bin/../lib/gcc/arm-none-eabi/6.3.1/thumb/v7e-m/fpv5-sp/hard/crtbegin.o
 .ARM.attributes
                0x0000000000000056       0x39 src/LoRa.o
 .ARM.attributes
                0x000000000000008f       0x39 src/main.o
 .ARM.attributes
                0x00000000000000c8       0x39 src/stm32f7xx_it.o
 .ARM.attributes
                0x0000000000000101       0x39 src/system_stm32f7xx.o
 .ARM.attributes
                0x000000000000013a       0x21 startup/startup_stm32f746xx.o
 .ARM.attributes
                0x000000000000015b       0x39 /home/oleksandr/workspace/stm32f746g-disco_hal_lib/Debug/libstm32f746g-disco_hal_lib.a(arm_cos_f32.o)
 .ARM.attributes
                0x0000000000000194       0x39 /home/oleksandr/workspace/stm32f746g-disco_hal_lib/Debug/libstm32f746g-disco_hal_lib.a(arm_sin_f32.o)
 .ARM.attributes
                0x00000000000001cd       0x39 /home/oleksandr/workspace/stm32f746g-disco_hal_lib/Debug/libstm32f746g-disco_hal_lib.a(stm32f7xx_hal.o)
 .ARM.attributes
                0x0000000000000206       0x39 /home/oleksandr/workspace/stm32f746g-disco_hal_lib/Debug/libstm32f746g-disco_hal_lib.a(stm32f7xx_hal_cortex.o)
 .ARM.attributes
                0x000000000000023f       0x39 /home/oleksandr/workspace/stm32f746g-disco_hal_lib/Debug/libstm32f746g-disco_hal_lib.a(stm32f7xx_hal_pwr_ex.o)
 .ARM.attributes
                0x0000000000000278       0x39 /home/oleksandr/workspace/stm32f746g-disco_hal_lib/Debug/libstm32f746g-disco_hal_lib.a(stm32f7xx_hal_rcc.o)
 .ARM.attributes
                0x00000000000002b1       0x39 /home/oleksandr/workspace/stm32f746g-disco_hal_lib/Debug/libstm32f746g-disco_hal_lib.a(stm32746g_discovery_lcd.o)
 .ARM.attributes
                0x00000000000002ea       0x39 /home/oleksandr/workspace/stm32f746g-disco_hal_lib/Debug/libstm32f746g-disco_hal_lib.a(stm32746g_discovery_sdram.o)
 .ARM.attributes
                0x0000000000000323       0x39 /home/oleksandr/workspace/stm32f746g-disco_hal_lib/Debug/libstm32f746g-disco_hal_lib.a(arm_common_tables.o)
 .ARM.attributes
                0x000000000000035c       0x39 /home/oleksandr/workspace/stm32f746g-disco_hal_lib/Debug/libstm32f746g-disco_hal_lib.a(stm32f7xx_hal_dma.o)
 .ARM.attributes
                0x0000000000000395       0x39 /home/oleksandr/workspace/stm32f746g-disco_hal_lib/Debug/libstm32f746g-disco_hal_lib.a(stm32f7xx_hal_dma2d.o)
 .ARM.attributes
                0x00000000000003ce       0x39 /home/oleksandr/workspace/stm32f746g-disco_hal_lib/Debug/libstm32f746g-disco_hal_lib.a(stm32f7xx_hal_gpio.o)
 .ARM.attributes
                0x0000000000000407       0x39 /home/oleksandr/workspace/stm32f746g-disco_hal_lib/Debug/libstm32f746g-disco_hal_lib.a(stm32f7xx_hal_ltdc.o)
 .ARM.attributes
                0x0000000000000440       0x39 /home/oleksandr/workspace/stm32f746g-disco_hal_lib/Debug/libstm32f746g-disco_hal_lib.a(stm32f7xx_hal_rcc_ex.o)
 .ARM.attributes
                0x0000000000000479       0x39 /home/oleksandr/workspace/stm32f746g-disco_hal_lib/Debug/libstm32f746g-disco_hal_lib.a(stm32f7xx_hal_sdram.o)
 .ARM.attributes
                0x00000000000004b2       0x39 /home/oleksandr/workspace/stm32f746g-disco_hal_lib/Debug/libstm32f746g-disco_hal_lib.a(stm32f7xx_ll_fmc.o)
 .ARM.attributes
                0x00000000000004eb       0x22 /home/oleksandr/Ac6/SystemWorkbench/plugins/fr.ac6.mcu.externaltools.arm-none.linux64_1.15.0.201708311556/tools/compiler/bin/../lib/gcc/arm-none-eabi/6.3.1/thumb/v7e-m/fpv5-sp/hard/libgcc.a(_arm_addsubdf3.o)
 .ARM.attributes
                0x000000000000050d       0x22 /home/oleksandr/Ac6/SystemWorkbench/plugins/fr.ac6.mcu.externaltools.arm-none.linux64_1.15.0.201708311556/tools/compiler/bin/../lib/gcc/arm-none-eabi/6.3.1/thumb/v7e-m/fpv5-sp/hard/libgcc.a(_arm_muldivdf3.o)
 .ARM.attributes
                0x000000000000052f       0x22 /home/oleksandr/Ac6/SystemWorkbench/plugins/fr.ac6.mcu.externaltools.arm-none.linux64_1.15.0.201708311556/tools/compiler/bin/../lib/gcc/arm-none-eabi/6.3.1/thumb/v7e-m/fpv5-sp/hard/libgcc.a(_arm_fixdfsi.o)
 .ARM.attributes
                0x0000000000000551       0x22 /home/oleksandr/Ac6/SystemWorkbench/plugins/fr.ac6.mcu.externaltools.arm-none.linux64_1.15.0.201708311556/tools/compiler/bin/../lib/gcc/arm-none-eabi/6.3.1/thumb/v7e-m/fpv5-sp/hard/libgcc.a(_arm_truncdfsf2.o)
 .ARM.attributes
                0x0000000000000573       0x22 /home/oleksandr/Ac6/SystemWorkbench/plugins/fr.ac6.mcu.externaltools.arm-none.linux64_1.15.0.201708311556/tools/compiler/bin/../lib/gcc/arm-none-eabi/6.3.1/thumb/v7e-m/fpv5-sp/hard/libgcc.a(_aeabi_uldivmod.o)
 .ARM.attributes
                0x0000000000000595       0x34 /home/oleksandr/Ac6/SystemWorkbench/plugins/fr.ac6.mcu.externaltools.arm-none.linux64_1.15.0.201708311556/tools/compiler/bin/../lib/gcc/arm-none-eabi/6.3.1/thumb/v7e-m/fpv5-sp/hard/libgcc.a(_udivmoddi4.o)
 .ARM.attributes
                0x00000000000005c9       0x22 /home/oleksandr/Ac6/SystemWorkbench/plugins/fr.ac6.mcu.externaltools.arm-none.linux64_1.15.0.201708311556/tools/compiler/bin/../lib/gcc/arm-none-eabi/6.3.1/thumb/v7e-m/fpv5-sp/hard/libgcc.a(_dvmd_tls.o)
 .ARM.attributes
                0x00000000000005eb       0x34 /home/oleksandr/Ac6/SystemWorkbench/plugins/fr.ac6.mcu.externaltools.arm-none.linux64_1.15.0.201708311556/tools/compiler/bin/../lib/gcc/arm-none-eabi/6.3.1/../../../../arm-none-eabi/lib/thumb/v7e-m/fpv5-sp/hard/libc.a(lib_a-impure.o)
 .ARM.attributes
                0x000000000000061f       0x34 /home/oleksandr/Ac6/SystemWorkbench/plugins/fr.ac6.mcu.externaltools.arm-none.linux64_1.15.0.201708311556/tools/compiler/bin/../lib/gcc/arm-none-eabi/6.3.1/../../../../arm-none-eabi/lib/thumb/v7e-m/fpv5-sp/hard/libc.a(lib_a-init.o)
 .ARM.attributes
                0x0000000000000653       0x34 /home/oleksandr/Ac6/SystemWorkbench/plugins/fr.ac6.mcu.externaltools.arm-none.linux64_1.15.0.201708311556/tools/compiler/bin/../lib/gcc/arm-none-eabi/6.3.1/../../../../arm-none-eabi/lib/thumb/v7e-m/fpv5-sp/hard/libc.a(lib_a-__call_atexit.o)
 .ARM.attributes
                0x0000000000000687       0x34 /home/oleksandr/Ac6/SystemWorkbench/plugins/fr.ac6.mcu.externaltools.arm-none.linux64_1.15.0.201708311556/tools/compiler/bin/../lib/gcc/arm-none-eabi/6.3.1/../../../../arm-none-eabi/lib/thumb/v7e-m/fpv5-sp/hard/libc.a(lib_a-atexit.o)
 .ARM.attributes
                0x00000000000006bb       0x34 /home/oleksandr/Ac6/SystemWorkbench/plugins/fr.ac6.mcu.externaltools.arm-none.linux64_1.15.0.201708311556/tools/compiler/bin/../lib/gcc/arm-none-eabi/6.3.1/../../../../arm-none-eabi/lib/thumb/v7e-m/fpv5-sp/hard/libc.a(lib_a-fini.o)
 .ARM.attributes
                0x00000000000006ef       0x34 /home/oleksandr/Ac6/SystemWorkbench/plugins/fr.ac6.mcu.externaltools.arm-none.linux64_1.15.0.201708311556/tools/compiler/bin/../lib/gcc/arm-none-eabi/6.3.1/../../../../arm-none-eabi/lib/thumb/v7e-m/fpv5-sp/hard/libc.a(lib_a-lock.o)
 .ARM.attributes
                0x0000000000000723       0x34 /home/oleksandr/Ac6/SystemWorkbench/plugins/fr.ac6.mcu.externaltools.arm-none.linux64_1.15.0.201708311556/tools/compiler/bin/../lib/gcc/arm-none-eabi/6.3.1/../../../../arm-none-eabi/lib/thumb/v7e-m/fpv5-sp/hard/libc.a(lib_a-__atexit.o)
 .ARM.attributes
                0x0000000000000757       0x22 /home/oleksandr/Ac6/SystemWorkbench/plugins/fr.ac6.mcu.externaltools.arm-none.linux64_1.15.0.201708311556/tools/compiler/bin/../lib/gcc/arm-none-eabi/6.3.1/thumb/v7e-m/fpv5-sp/hard/crtn.o
OUTPUT(LoRa+LCD.elf elf32-littlearm)

.debug_info     0x0000000000000000    0x18896
 .debug_info    0x0000000000000000      0x9c2 src/LoRa.o
 .debug_info    0x00000000000009c2     0x1acb src/main.o
 .debug_info    0x000000000000248d      0x954 src/stm32f7xx_it.o
 .debug_info    0x0000000000002de1      0xf14 src/system_stm32f7xx.o
 .debug_info    0x0000000000003cf5       0x6e startup/startup_stm32f746xx.o
 .debug_info    0x0000000000003d63     0x1092 /home/oleksandr/workspace/stm32f746g-disco_hal_lib/Debug/libstm32f746g-disco_hal_lib.a(arm_cos_f32.o)
 .debug_info    0x0000000000004df5     0x1092 /home/oleksandr/workspace/stm32f746g-disco_hal_lib/Debug/libstm32f746g-disco_hal_lib.a(arm_sin_f32.o)
 .debug_info    0x0000000000005e87     0x1244 /home/oleksandr/workspace/stm32f746g-disco_hal_lib/Debug/libstm32f746g-disco_hal_lib.a(stm32f7xx_hal.o)
 .debug_info    0x00000000000070cb     0x1818 /home/oleksandr/workspace/stm32f746g-disco_hal_lib/Debug/libstm32f746g-disco_hal_lib.a(stm32f7xx_hal_cortex.o)
 .debug_info    0x00000000000088e3     0x117b /home/oleksandr/workspace/stm32f746g-disco_hal_lib/Debug/libstm32f746g-disco_hal_lib.a(stm32f7xx_hal_pwr_ex.o)
 .debug_info    0x0000000000009a5e     0x10fb /home/oleksandr/workspace/stm32f746g-disco_hal_lib/Debug/libstm32f746g-disco_hal_lib.a(stm32f7xx_hal_rcc.o)
 .debug_info    0x000000000000ab59     0x2a32 /home/oleksandr/workspace/stm32f746g-disco_hal_lib/Debug/libstm32f746g-disco_hal_lib.a(stm32746g_discovery_lcd.o)
 .debug_info    0x000000000000d58b     0x16ee /home/oleksandr/workspace/stm32f746g-disco_hal_lib/Debug/libstm32f746g-disco_hal_lib.a(stm32746g_discovery_sdram.o)
 .debug_info    0x000000000000ec79     0x1336 /home/oleksandr/workspace/stm32f746g-disco_hal_lib/Debug/libstm32f746g-disco_hal_lib.a(arm_common_tables.o)
 .debug_info    0x000000000000ffaf     0x1137 /home/oleksandr/workspace/stm32f746g-disco_hal_lib/Debug/libstm32f746g-disco_hal_lib.a(stm32f7xx_hal_dma.o)
 .debug_info    0x00000000000110e6     0x1699 /home/oleksandr/workspace/stm32f746g-disco_hal_lib/Debug/libstm32f746g-disco_hal_lib.a(stm32f7xx_hal_dma2d.o)
 .debug_info    0x000000000001277f      0xfb1 /home/oleksandr/workspace/stm32f746g-disco_hal_lib/Debug/libstm32f746g-disco_hal_lib.a(stm32f7xx_hal_gpio.o)
 .debug_info    0x0000000000013730     0x18d1 /home/oleksandr/workspace/stm32f746g-disco_hal_lib/Debug/libstm32f746g-disco_hal_lib.a(stm32f7xx_hal_ltdc.o)
 .debug_info    0x0000000000015001      0xf82 /home/oleksandr/workspace/stm32f746g-disco_hal_lib/Debug/libstm32f746g-disco_hal_lib.a(stm32f7xx_hal_rcc_ex.o)
 .debug_info    0x0000000000015f83     0x146c /home/oleksandr/workspace/stm32f746g-disco_hal_lib/Debug/libstm32f746g-disco_hal_lib.a(stm32f7xx_hal_sdram.o)
 .debug_info    0x00000000000173ef     0x14a7 /home/oleksandr/workspace/stm32f746g-disco_hal_lib/Debug/libstm32f746g-disco_hal_lib.a(stm32f7xx_ll_fmc.o)

.debug_abbrev   0x0000000000000000     0x328e
 .debug_abbrev  0x0000000000000000      0x203 src/LoRa.o
 .debug_abbrev  0x0000000000000203      0x2c9 src/main.o
 .debug_abbrev  0x00000000000004cc      0x1b1 src/stm32f7xx_it.o
 .debug_abbrev  0x000000000000067d      0x212 src/system_stm32f7xx.o
 .debug_abbrev  0x000000000000088f       0x12 startup/startup_stm32f746xx.o
 .debug_abbrev  0x00000000000008a1      0x205 /home/oleksandr/workspace/stm32f746g-disco_hal_lib/Debug/libstm32f746g-disco_hal_lib.a(arm_cos_f32.o)
 .debug_abbrev  0x0000000000000aa6      0x205 /home/oleksandr/workspace/stm32f746g-disco_hal_lib/Debug/libstm32f746g-disco_hal_lib.a(arm_sin_f32.o)
 .debug_abbrev  0x0000000000000cab      0x2bd /home/oleksandr/workspace/stm32f746g-disco_hal_lib/Debug/libstm32f746g-disco_hal_lib.a(stm32f7xx_hal.o)
 .debug_abbrev  0x0000000000000f68      0x39d /home/oleksandr/workspace/stm32f746g-disco_hal_lib/Debug/libstm32f746g-disco_hal_lib.a(stm32f7xx_hal_cortex.o)
 .debug_abbrev  0x0000000000001305      0x2b7 /home/oleksandr/workspace/stm32f746g-disco_hal_lib/Debug/libstm32f746g-disco_hal_lib.a(stm32f7xx_hal_pwr_ex.o)
 .debug_abbrev  0x00000000000015bc      0x2d8 /home/oleksandr/workspace/stm32f746g-disco_hal_lib/Debug/libstm32f746g-disco_hal_lib.a(stm32f7xx_hal_rcc.o)
 .debug_abbrev  0x0000000000001894      0x321 /home/oleksandr/workspace/stm32f746g-disco_hal_lib/Debug/libstm32f746g-disco_hal_lib.a(stm32746g_discovery_lcd.o)
 .debug_abbrev  0x0000000000001bb5      0x2b0 /home/oleksandr/workspace/stm32f746g-disco_hal_lib/Debug/libstm32f746g-disco_hal_lib.a(stm32746g_discovery_sdram.o)
 .debug_abbrev  0x0000000000001e65      0x1d4 /home/oleksandr/workspace/stm32f746g-disco_hal_lib/Debug/libstm32f746g-disco_hal_lib.a(arm_common_tables.o)
 .debug_abbrev  0x0000000000002039      0x2c1 /home/oleksandr/workspace/stm32f746g-disco_hal_lib/Debug/libstm32f746g-disco_hal_lib.a(stm32f7xx_hal_dma.o)
 .debug_abbrev  0x00000000000022fa      0x2b0 /home/oleksandr/workspace/stm32f746g-disco_hal_lib/Debug/libstm32f746g-disco_hal_lib.a(stm32f7xx_hal_dma2d.o)
 .debug_abbrev  0x00000000000025aa      0x287 /home/oleksandr/workspace/stm32f746g-disco_hal_lib/Debug/libstm32f746g-disco_hal_lib.a(stm32f7xx_hal_gpio.o)
 .debug_abbrev  0x0000000000002831      0x2ec /home/oleksandr/workspace/stm32f746g-disco_hal_lib/Debug/libstm32f746g-disco_hal_lib.a(stm32f7xx_hal_ltdc.o)
 .debug_abbrev  0x0000000000002b1d      0x27a /home/oleksandr/workspace/stm32f746g-disco_hal_lib/Debug/libstm32f746g-disco_hal_lib.a(stm32f7xx_hal_rcc_ex.o)
 .debug_abbrev  0x0000000000002d97      0x29e /home/oleksandr/workspace/stm32f746g-disco_hal_lib/Debug/libstm32f746g-disco_hal_lib.a(stm32f7xx_hal_sdram.o)
 .debug_abbrev  0x0000000000003035      0x259 /home/oleksandr/workspace/stm32f746g-disco_hal_lib/Debug/libstm32f746g-disco_hal_lib.a(stm32f7xx_ll_fmc.o)

.debug_aranges  0x0000000000000000      0xbc8
 .debug_aranges
                0x0000000000000000       0x20 src/LoRa.o
 .debug_aranges
                0x0000000000000020       0x50 src/main.o
 .debug_aranges
                0x0000000000000070       0x20 src/stm32f7xx_it.o
 .debug_aranges
                0x0000000000000090       0x28 src/system_stm32f7xx.o
 .debug_aranges
                0x00000000000000b8       0x28 startup/startup_stm32f746xx.o
 .debug_aranges
                0x00000000000000e0       0x20 /home/oleksandr/workspace/stm32f746g-disco_hal_lib/Debug/libstm32f746g-disco_hal_lib.a(arm_cos_f32.o)
 .debug_aranges
                0x0000000000000100       0x20 /home/oleksandr/workspace/stm32f746g-disco_hal_lib/Debug/libstm32f746g-disco_hal_lib.a(arm_sin_f32.o)
 .debug_aranges
                0x0000000000000120      0x100 /home/oleksandr/workspace/stm32f746g-disco_hal_lib/Debug/libstm32f746g-disco_hal_lib.a(stm32f7xx_hal.o)
 .debug_aranges
                0x0000000000000220      0x118 /home/oleksandr/workspace/stm32f746g-disco_hal_lib/Debug/libstm32f746g-disco_hal_lib.a(stm32f7xx_hal_cortex.o)
 .debug_aranges
                0x0000000000000338       0x80 /home/oleksandr/workspace/stm32f746g-disco_hal_lib/Debug/libstm32f746g-disco_hal_lib.a(stm32f7xx_hal_pwr_ex.o)
 .debug_aranges
                0x00000000000003b8       0x88 /home/oleksandr/workspace/stm32f746g-disco_hal_lib/Debug/libstm32f746g-disco_hal_lib.a(stm32f7xx_hal_rcc.o)
 .debug_aranges
                0x0000000000000440      0x1d8 /home/oleksandr/workspace/stm32f746g-disco_hal_lib/Debug/libstm32f746g-disco_hal_lib.a(stm32746g_discovery_lcd.o)
 .debug_aranges
                0x0000000000000618       0x68 /home/oleksandr/workspace/stm32f746g-disco_hal_lib/Debug/libstm32f746g-disco_hal_lib.a(stm32746g_discovery_sdram.o)
 .debug_aranges
                0x0000000000000680       0x18 /home/oleksandr/workspace/stm32f746g-disco_hal_lib/Debug/libstm32f746g-disco_hal_lib.a(arm_common_tables.o)
 .debug_aranges
                0x0000000000000698       0x90 /home/oleksandr/workspace/stm32f746g-disco_hal_lib/Debug/libstm32f746g-disco_hal_lib.a(stm32f7xx_hal_dma.o)
 .debug_aranges
                0x0000000000000728      0x108 /home/oleksandr/workspace/stm32f746g-disco_hal_lib/Debug/libstm32f746g-disco_hal_lib.a(stm32f7xx_hal_dma2d.o)
 .debug_aranges
                0x0000000000000830       0x58 /home/oleksandr/workspace/stm32f746g-disco_hal_lib/Debug/libstm32f746g-disco_hal_lib.a(stm32f7xx_hal_gpio.o)
 .debug_aranges
                0x0000000000000888      0x158 /home/oleksandr/workspace/stm32f746g-disco_hal_lib/Debug/libstm32f746g-disco_hal_lib.a(stm32f7xx_hal_ltdc.o)
 .debug_aranges
                0x00000000000009e0       0x50 /home/oleksandr/workspace/stm32f746g-disco_hal_lib/Debug/libstm32f746g-disco_hal_lib.a(stm32f7xx_hal_rcc_ex.o)
 .debug_aranges
                0x0000000000000a30       0xd0 /home/oleksandr/workspace/stm32f746g-disco_hal_lib/Debug/libstm32f746g-disco_hal_lib.a(stm32f7xx_hal_sdram.o)
 .debug_aranges
                0x0000000000000b00       0xc8 /home/oleksandr/workspace/stm32f746g-disco_hal_lib/Debug/libstm32f746g-disco_hal_lib.a(stm32f7xx_ll_fmc.o)

.debug_ranges   0x0000000000000000      0xa78
 .debug_ranges  0x0000000000000000       0x10 src/LoRa.o
 .debug_ranges  0x0000000000000010       0x40 src/main.o
 .debug_ranges  0x0000000000000050       0x10 src/stm32f7xx_it.o
 .debug_ranges  0x0000000000000060       0x18 src/system_stm32f7xx.o
 .debug_ranges  0x0000000000000078       0x20 startup/startup_stm32f746xx.o
 .debug_ranges  0x0000000000000098       0x10 /home/oleksandr/workspace/stm32f746g-disco_hal_lib/Debug/libstm32f746g-disco_hal_lib.a(arm_cos_f32.o)
 .debug_ranges  0x00000000000000a8       0x10 /home/oleksandr/workspace/stm32f746g-disco_hal_lib/Debug/libstm32f746g-disco_hal_lib.a(arm_sin_f32.o)
 .debug_ranges  0x00000000000000b8       0xf0 /home/oleksandr/workspace/stm32f746g-disco_hal_lib/Debug/libstm32f746g-disco_hal_lib.a(stm32f7xx_hal.o)
 .debug_ranges  0x00000000000001a8      0x108 /home/oleksandr/workspace/stm32f746g-disco_hal_lib/Debug/libstm32f746g-disco_hal_lib.a(stm32f7xx_hal_cortex.o)
 .debug_ranges  0x00000000000002b0       0x70 /home/oleksandr/workspace/stm32f746g-disco_hal_lib/Debug/libstm32f746g-disco_hal_lib.a(stm32f7xx_hal_pwr_ex.o)
 .debug_ranges  0x0000000000000320       0x78 /home/oleksandr/workspace/stm32f746g-disco_hal_lib/Debug/libstm32f746g-disco_hal_lib.a(stm32f7xx_hal_rcc.o)
 .debug_ranges  0x0000000000000398      0x1c8 /home/oleksandr/workspace/stm32f746g-disco_hal_lib/Debug/libstm32f746g-disco_hal_lib.a(stm32746g_discovery_lcd.o)
 .debug_ranges  0x0000000000000560       0x58 /home/oleksandr/workspace/stm32f746g-disco_hal_lib/Debug/libstm32f746g-disco_hal_lib.a(stm32746g_discovery_sdram.o)
 .debug_ranges  0x00000000000005b8       0x80 /home/oleksandr/workspace/stm32f746g-disco_hal_lib/Debug/libstm32f746g-disco_hal_lib.a(stm32f7xx_hal_dma.o)
 .debug_ranges  0x0000000000000638       0xf8 /home/oleksandr/workspace/stm32f746g-disco_hal_lib/Debug/libstm32f746g-disco_hal_lib.a(stm32f7xx_hal_dma2d.o)
 .debug_ranges  0x0000000000000730       0x48 /home/oleksandr/workspace/stm32f746g-disco_hal_lib/Debug/libstm32f746g-disco_hal_lib.a(stm32f7xx_hal_gpio.o)
 .debug_ranges  0x0000000000000778      0x148 /home/oleksandr/workspace/stm32f746g-disco_hal_lib/Debug/libstm32f746g-disco_hal_lib.a(stm32f7xx_hal_ltdc.o)
 .debug_ranges  0x00000000000008c0       0x40 /home/oleksandr/workspace/stm32f746g-disco_hal_lib/Debug/libstm32f746g-disco_hal_lib.a(stm32f7xx_hal_rcc_ex.o)
 .debug_ranges  0x0000000000000900       0xc0 /home/oleksandr/workspace/stm32f746g-disco_hal_lib/Debug/libstm32f746g-disco_hal_lib.a(stm32f7xx_hal_sdram.o)
 .debug_ranges  0x00000000000009c0       0xb8 /home/oleksandr/workspace/stm32f746g-disco_hal_lib/Debug/libstm32f746g-disco_hal_lib.a(stm32f7xx_ll_fmc.o)

.debug_macro    0x0000000000000000    0x2f335
 .debug_macro   0x0000000000000000      0x17b src/LoRa.o
 .debug_macro   0x000000000000017b      0x8da src/LoRa.o
 .debug_macro   0x0000000000000a55       0x22 src/LoRa.o
 .debug_macro   0x0000000000000a77       0x87 src/LoRa.o
 .debug_macro   0x0000000000000afe       0x51 src/LoRa.o
 .debug_macro   0x0000000000000b4f       0xef src/LoRa.o
 .debug_macro   0x0000000000000c3e       0x6a src/LoRa.o
 .debug_macro   0x0000000000000ca8      0x1df src/LoRa.o
 .debug_macro   0x0000000000000e87       0x2e src/LoRa.o
 .debug_macro   0x0000000000000eb5       0x58 src/LoRa.o
 .debug_macro   0x0000000000000f0d       0x35 src/LoRa.o
 .debug_macro   0x0000000000000f42       0x9c src/LoRa.o
 .debug_macro   0x0000000000000fde      0x174 src/LoRa.o
 .debug_macro   0x0000000000001152       0x58 src/LoRa.o
 .debug_macro   0x00000000000011aa       0x1f src/LoRa.o
 .debug_macro   0x00000000000011c9       0x43 src/LoRa.o
 .debug_macro   0x000000000000120c       0x20 src/LoRa.o
 .debug_macro   0x000000000000122c      0x187 src/LoRa.o
 .debug_macro   0x00000000000013b3      0x330 src/LoRa.o
 .debug_macro   0x00000000000016e3      0x1e1 src/LoRa.o
 .debug_macro   0x00000000000018c4       0x12 src/LoRa.o
 .debug_macro   0x00000000000018d6       0x3b src/LoRa.o
 .debug_macro   0x0000000000001911       0x50 src/LoRa.o
 .debug_macro   0x0000000000001961       0x16 src/LoRa.o
 .debug_macro   0x0000000000001977       0x35 src/LoRa.o
 .debug_macro   0x00000000000019ac       0xcf src/LoRa.o
 .debug_macro   0x0000000000001a7b      0x5b3 src/main.o
 .debug_macro   0x000000000000202e       0x28 src/main.o
 .debug_macro   0x0000000000002056       0x3b src/main.o
 .debug_macro   0x0000000000002091       0x35 src/main.o
 .debug_macro   0x00000000000020c6     0x1114 src/main.o
 .debug_macro   0x00000000000031da    0x1875a src/main.o
 .debug_macro   0x000000000001b934       0x43 src/main.o
 .debug_macro   0x000000000001b977      0x245 src/main.o
 .debug_macro   0x000000000001bbbc     0x35cf src/main.o
 .debug_macro   0x000000000001f18b       0x16 src/main.o
 .debug_macro   0x000000000001f1a1       0x97 src/main.o
 .debug_macro   0x000000000001f238       0xfd src/main.o
 .debug_macro   0x000000000001f335       0x10 src/main.o
 .debug_macro   0x000000000001f345       0x10 src/main.o
 .debug_macro   0x000000000001f355       0x1c src/main.o
 .debug_macro   0x000000000001f371       0x52 src/main.o
 .debug_macro   0x000000000001f3c3       0x40 src/main.o
 .debug_macro   0x000000000001f403       0x10 src/main.o
 .debug_macro   0x000000000001f413       0x40 src/main.o
 .debug_macro   0x000000000001f453       0xd7 src/main.o
 .debug_macro   0x000000000001f52a       0x16 src/main.o
 .debug_macro   0x000000000001f540      0x18b src/main.o
 .debug_macro   0x000000000001f6cb       0x56 src/main.o
 .debug_macro   0x000000000001f721     0x18ad src/main.o
 .debug_macro   0x0000000000020fce      0x6ca src/main.o
 .debug_macro   0x0000000000021698      0x11e src/main.o
 .debug_macro   0x00000000000217b6      0x204 src/main.o
 .debug_macro   0x00000000000219ba       0x27 src/main.o
 .debug_macro   0x00000000000219e1      0x24f src/main.o
 .debug_macro   0x0000000000021c30       0x41 src/main.o
 .debug_macro   0x0000000000021c71       0x58 src/main.o
 .debug_macro   0x0000000000021cc9      0x23a src/main.o
 .debug_macro   0x0000000000021f03      0x408 src/main.o
 .debug_macro   0x000000000002230b      0x161 src/main.o
 .debug_macro   0x000000000002246c      0x100 src/main.o
 .debug_macro   0x000000000002256c      0x3f3 src/main.o
 .debug_macro   0x000000000002295f      0x2e2 src/main.o
 .debug_macro   0x0000000000022c41       0xab src/main.o
 .debug_macro   0x0000000000022cec       0x4c src/main.o
 .debug_macro   0x0000000000022d38       0x2e src/main.o
 .debug_macro   0x0000000000022d66      0x20f src/main.o
 .debug_macro   0x0000000000022f75       0xe5 src/main.o
 .debug_macro   0x000000000002305a       0xa1 src/main.o
 .debug_macro   0x00000000000230fb       0x3c src/main.o
 .debug_macro   0x0000000000023137      0x22c src/main.o
 .debug_macro   0x0000000000023363      0xcd5 src/main.o
 .debug_macro   0x0000000000024038      0x156 src/main.o
 .debug_macro   0x000000000002418e      0x25d src/main.o
 .debug_macro   0x00000000000243eb       0x12 src/main.o
 .debug_macro   0x00000000000243fd      0x516 src/main.o
 .debug_macro   0x0000000000024913       0x88 src/main.o
 .debug_macro   0x000000000002499b       0xe3 src/main.o
 .debug_macro   0x0000000000024a7e       0x10 src/main.o
 .debug_macro   0x0000000000024a8e      0x209 src/main.o
 .debug_macro   0x0000000000024c97       0x5a src/main.o
 .debug_macro   0x0000000000024cf1       0x90 src/main.o
 .debug_macro   0x0000000000024d81      0x1b5 src/main.o
 .debug_macro   0x0000000000024f36       0x87 src/main.o
 .debug_macro   0x0000000000024fbd      0x28d src/main.o
 .debug_macro   0x000000000002524a      0x255 src/main.o
 .debug_macro   0x000000000002549f      0x132 src/main.o
 .debug_macro   0x00000000000255d1      0x10c src/main.o
 .debug_macro   0x00000000000256dd       0x35 src/main.o
 .debug_macro   0x0000000000025712      0x2e2 src/main.o
 .debug_macro   0x00000000000259f4       0x7b src/main.o
 .debug_macro   0x0000000000025a6f      0x313 src/main.o
 .debug_macro   0x0000000000025d82      0x4da src/main.o
 .debug_macro   0x000000000002625c       0xd6 src/main.o
 .debug_macro   0x0000000000026332      0x447 src/main.o
 .debug_macro   0x0000000000026779      0x757 src/main.o
 .debug_macro   0x0000000000026ed0      0x198 src/main.o
 .debug_macro   0x0000000000027068      0x1ed src/main.o
 .debug_macro   0x0000000000027255      0x2e2 src/main.o
 .debug_macro   0x0000000000027537      0x65b src/main.o
 .debug_macro   0x0000000000027b92      0x256 src/main.o
 .debug_macro   0x0000000000027de8      0x169 src/main.o
 .debug_macro   0x0000000000027f51      0x4e8 src/main.o
 .debug_macro   0x0000000000028439       0x47 src/main.o
 .debug_macro   0x0000000000028480      0x1df src/main.o
 .debug_macro   0x000000000002865f       0x29 src/main.o
 .debug_macro   0x0000000000028688       0x58 src/main.o
 .debug_macro   0x00000000000286e0      0x1f4 src/main.o
 .debug_macro   0x00000000000288d4       0x30 src/main.o
 .debug_macro   0x0000000000028904       0x58 src/main.o
 .debug_macro   0x000000000002895c      0x2f7 src/main.o
 .debug_macro   0x0000000000028c53       0x5e src/main.o
 .debug_macro   0x0000000000028cb1       0xa5 src/main.o
 .debug_macro   0x0000000000028d56       0x89 src/main.o
 .debug_macro   0x0000000000028ddf      0x1f4 src/main.o
 .debug_macro   0x0000000000028fd3      0x120 src/main.o
 .debug_macro   0x00000000000290f3       0x75 src/main.o
 .debug_macro   0x0000000000029168      0x15e src/main.o
 .debug_macro   0x00000000000292c6      0x268 src/main.o
 .debug_macro   0x000000000002952e       0x40 src/main.o
 .debug_macro   0x000000000002956e       0xa0 src/main.o
 .debug_macro   0x000000000002960e       0x10 src/main.o
 .debug_macro   0x000000000002961e      0x12a src/main.o
 .debug_macro   0x0000000000029748       0xd6 src/main.o
 .debug_macro   0x000000000002981e       0x7c src/main.o
 .debug_macro   0x000000000002989a      0x504 src/stm32f7xx_it.o
 .debug_macro   0x0000000000029d9e      0x500 src/system_stm32f7xx.o
 .debug_macro   0x000000000002a29e      0x192 /home/oleksandr/workspace/stm32f746g-disco_hal_lib/Debug/libstm32f746g-disco_hal_lib.a(arm_cos_f32.o)
 .debug_macro   0x000000000002a430      0x8c2 /home/oleksandr/workspace/stm32f746g-disco_hal_lib/Debug/libstm32f746g-disco_hal_lib.a(arm_cos_f32.o)
 .debug_macro   0x000000000002acf2       0x10 /home/oleksandr/workspace/stm32f746g-disco_hal_lib/Debug/libstm32f746g-disco_hal_lib.a(arm_cos_f32.o)
 .debug_macro   0x000000000002ad02       0x76 /home/oleksandr/workspace/stm32f746g-disco_hal_lib/Debug/libstm32f746g-disco_hal_lib.a(arm_cos_f32.o)
 .debug_macro   0x000000000002ad78      0x192 /home/oleksandr/workspace/stm32f746g-disco_hal_lib/Debug/libstm32f746g-disco_hal_lib.a(arm_sin_f32.o)
 .debug_macro   0x000000000002af0a      0x51e /home/oleksandr/workspace/stm32f746g-disco_hal_lib/Debug/libstm32f746g-disco_hal_lib.a(stm32f7xx_hal.o)
 .debug_macro   0x000000000002b428       0x2e /home/oleksandr/workspace/stm32f746g-disco_hal_lib/Debug/libstm32f746g-disco_hal_lib.a(stm32f7xx_hal.o)
 .debug_macro   0x000000000002b456      0x4fa /home/oleksandr/workspace/stm32f746g-disco_hal_lib/Debug/libstm32f746g-disco_hal_lib.a(stm32f7xx_hal_cortex.o)
 .debug_macro   0x000000000002b950      0x512 /home/oleksandr/workspace/stm32f746g-disco_hal_lib/Debug/libstm32f746g-disco_hal_lib.a(stm32f7xx_hal_pwr_ex.o)
 .debug_macro   0x000000000002be62      0x51e /home/oleksandr/workspace/stm32f746g-disco_hal_lib/Debug/libstm32f746g-disco_hal_lib.a(stm32f7xx_hal_rcc.o)
 .debug_macro   0x000000000002c380      0x55d /home/oleksandr/workspace/stm32f746g-disco_hal_lib/Debug/libstm32f746g-disco_hal_lib.a(stm32746g_discovery_lcd.o)
 .debug_macro   0x000000000002c8dd       0x9a /home/oleksandr/workspace/stm32f746g-disco_hal_lib/Debug/libstm32f746g-disco_hal_lib.a(stm32746g_discovery_lcd.o)
 .debug_macro   0x000000000002c977      0x509 /home/oleksandr/workspace/stm32f746g-disco_hal_lib/Debug/libstm32f746g-disco_hal_lib.a(stm32746g_discovery_sdram.o)
 .debug_macro   0x000000000002ce80      0x192 /home/oleksandr/workspace/stm32f746g-disco_hal_lib/Debug/libstm32f746g-disco_hal_lib.a(arm_common_tables.o)
 .debug_macro   0x000000000002d012      0x501 /home/oleksandr/workspace/stm32f746g-disco_hal_lib/Debug/libstm32f746g-disco_hal_lib.a(stm32f7xx_hal_dma.o)
 .debug_macro   0x000000000002d513      0x508 /home/oleksandr/workspace/stm32f746g-disco_hal_lib/Debug/libstm32f746g-disco_hal_lib.a(stm32f7xx_hal_dma2d.o)
 .debug_macro   0x000000000002da1b      0x532 /home/oleksandr/workspace/stm32f746g-disco_hal_lib/Debug/libstm32f746g-disco_hal_lib.a(stm32f7xx_hal_gpio.o)
 .debug_macro   0x000000000002df4d      0x4fa /home/oleksandr/workspace/stm32f746g-disco_hal_lib/Debug/libstm32f746g-disco_hal_lib.a(stm32f7xx_hal_ltdc.o)
 .debug_macro   0x000000000002e447      0x4fa /home/oleksandr/workspace/stm32f746g-disco_hal_lib/Debug/libstm32f746g-disco_hal_lib.a(stm32f7xx_hal_rcc_ex.o)
 .debug_macro   0x000000000002e941      0x4fa /home/oleksandr/workspace/stm32f746g-disco_hal_lib/Debug/libstm32f746g-disco_hal_lib.a(stm32f7xx_hal_sdram.o)
 .debug_macro   0x000000000002ee3b      0x4fa /home/oleksandr/workspace/stm32f746g-disco_hal_lib/Debug/libstm32f746g-disco_hal_lib.a(stm32f7xx_ll_fmc.o)

.debug_line     0x0000000000000000     0xff9e
 .debug_line    0x0000000000000000      0x493 src/LoRa.o
 .debug_line    0x0000000000000493      0xfbc src/main.o
 .debug_line    0x000000000000144f      0xbee src/stm32f7xx_it.o
 .debug_line    0x000000000000203d      0xbe6 src/system_stm32f7xx.o
 .debug_line    0x0000000000002c23       0x7f startup/startup_stm32f746xx.o
 .debug_line    0x0000000000002ca2      0x48d /home/oleksandr/workspace/stm32f746g-disco_hal_lib/Debug/libstm32f746g-disco_hal_lib.a(arm_cos_f32.o)
 .debug_line    0x000000000000312f      0x48f /home/oleksandr/workspace/stm32f746g-disco_hal_lib/Debug/libstm32f746g-disco_hal_lib.a(arm_sin_f32.o)
 .debug_line    0x00000000000035be      0xdde /home/oleksandr/workspace/stm32f746g-disco_hal_lib/Debug/libstm32f746g-disco_hal_lib.a(stm32f7xx_hal.o)
 .debug_line    0x000000000000439c      0xed1 /home/oleksandr/workspace/stm32f746g-disco_hal_lib/Debug/libstm32f746g-disco_hal_lib.a(stm32f7xx_hal_cortex.o)
 .debug_line    0x000000000000526d      0xd0b /home/oleksandr/workspace/stm32f746g-disco_hal_lib/Debug/libstm32f746g-disco_hal_lib.a(stm32f7xx_hal_pwr_ex.o)
 .debug_line    0x0000000000005f78      0xe41 /home/oleksandr/workspace/stm32f746g-disco_hal_lib/Debug/libstm32f746g-disco_hal_lib.a(stm32f7xx_hal_rcc.o)
 .debug_line    0x0000000000006db9     0x137f /home/oleksandr/workspace/stm32f746g-disco_hal_lib/Debug/libstm32f746g-disco_hal_lib.a(stm32746g_discovery_lcd.o)
 .debug_line    0x0000000000008138      0xd05 /home/oleksandr/workspace/stm32f746g-disco_hal_lib/Debug/libstm32f746g-disco_hal_lib.a(stm32746g_discovery_sdram.o)
 .debug_line    0x0000000000008e3d      0x46e /home/oleksandr/workspace/stm32f746g-disco_hal_lib/Debug/libstm32f746g-disco_hal_lib.a(arm_common_tables.o)
 .debug_line    0x00000000000092ab      0xe8c /home/oleksandr/workspace/stm32f746g-disco_hal_lib/Debug/libstm32f746g-disco_hal_lib.a(stm32f7xx_hal_dma.o)
 .debug_line    0x000000000000a137     0x10d7 /home/oleksandr/workspace/stm32f746g-disco_hal_lib/Debug/libstm32f746g-disco_hal_lib.a(stm32f7xx_hal_dma2d.o)
 .debug_line    0x000000000000b20e      0xdc2 /home/oleksandr/workspace/stm32f746g-disco_hal_lib/Debug/libstm32f746g-disco_hal_lib.a(stm32f7xx_hal_gpio.o)
 .debug_line    0x000000000000bfd0     0x1490 /home/oleksandr/workspace/stm32f746g-disco_hal_lib/Debug/libstm32f746g-disco_hal_lib.a(stm32f7xx_hal_ltdc.o)
 .debug_line    0x000000000000d460      0xdc6 /home/oleksandr/workspace/stm32f746g-disco_hal_lib/Debug/libstm32f746g-disco_hal_lib.a(stm32f7xx_hal_rcc_ex.o)
 .debug_line    0x000000000000e226      0xf10 /home/oleksandr/workspace/stm32f746g-disco_hal_lib/Debug/libstm32f746g-disco_hal_lib.a(stm32f7xx_hal_sdram.o)
 .debug_line    0x000000000000f136      0xe68 /home/oleksandr/workspace/stm32f746g-disco_hal_lib/Debug/libstm32f746g-disco_hal_lib.a(stm32f7xx_ll_fmc.o)

.debug_str      0x0000000000000000   0x121784
 .debug_str     0x0000000000000000     0x75da src/LoRa.o
                                       0x789d (size before relaxing)
 .debug_str     0x00000000000075da   0x1164ec src/main.o
                                     0x11de7a (size before relaxing)
 .debug_str     0x000000000011dac6       0x38 src/stm32f7xx_it.o
                                     0x11a091 (size before relaxing)
 .debug_str     0x000000000011dafe      0x14d src/system_stm32f7xx.o
                                     0x11a2fa (size before relaxing)
 .debug_str     0x000000000011dc4b       0x91 /home/oleksandr/workspace/stm32f746g-disco_hal_lib/Debug/libstm32f746g-disco_hal_lib.a(arm_cos_f32.o)
                                       0x8144 (size before relaxing)
 .debug_str     0x000000000011dcdc       0x4b /home/oleksandr/workspace/stm32f746g-disco_hal_lib/Debug/libstm32f746g-disco_hal_lib.a(arm_sin_f32.o)
                                       0x8144 (size before relaxing)
 .debug_str     0x000000000011dd27      0x953 /home/oleksandr/workspace/stm32f746g-disco_hal_lib/Debug/libstm32f746g-disco_hal_lib.a(stm32f7xx_hal.o)
                                     0x11ac1f (size before relaxing)
 .debug_str     0x000000000011e67a      0x2f9 /home/oleksandr/workspace/stm32f746g-disco_hal_lib/Debug/libstm32f746g-disco_hal_lib.a(stm32f7xx_hal_cortex.o)
                                     0x11ac1a (size before relaxing)
 .debug_str     0x000000000011e973      0x1e8 /home/oleksandr/workspace/stm32f746g-disco_hal_lib/Debug/libstm32f746g-disco_hal_lib.a(stm32f7xx_hal_pwr_ex.o)
                                     0x11a557 (size before relaxing)
 .debug_str     0x000000000011eb5b      0x2a0 /home/oleksandr/workspace/stm32f746g-disco_hal_lib/Debug/libstm32f746g-disco_hal_lib.a(stm32f7xx_hal_rcc.o)
                                     0x11a5e1 (size before relaxing)
 .debug_str     0x000000000011edfb      0xeb2 /home/oleksandr/workspace/stm32f746g-disco_hal_lib/Debug/libstm32f746g-disco_hal_lib.a(stm32746g_discovery_lcd.o)
                                     0x11d0a0 (size before relaxing)
 .debug_str     0x000000000011fcad      0x580 /home/oleksandr/workspace/stm32f746g-disco_hal_lib/Debug/libstm32f746g-disco_hal_lib.a(stm32746g_discovery_sdram.o)
                                     0x11b24c (size before relaxing)
 .debug_str     0x000000000012022d       0x39 /home/oleksandr/workspace/stm32f746g-disco_hal_lib/Debug/libstm32f746g-disco_hal_lib.a(arm_common_tables.o)
                                       0x811f (size before relaxing)
 .debug_str     0x0000000000120266      0x319 /home/oleksandr/workspace/stm32f746g-disco_hal_lib/Debug/libstm32f746g-disco_hal_lib.a(stm32f7xx_hal_dma.o)
                                     0x11a60b (size before relaxing)
 .debug_str     0x000000000012057f      0x390 /home/oleksandr/workspace/stm32f746g-disco_hal_lib/Debug/libstm32f746g-disco_hal_lib.a(stm32f7xx_hal_dma2d.o)
                                     0x11a7b4 (size before relaxing)
 .debug_str     0x000000000012090f      0x237 /home/oleksandr/workspace/stm32f746g-disco_hal_lib/Debug/libstm32f746g-disco_hal_lib.a(stm32f7xx_hal_gpio.o)
                                     0x11a4a7 (size before relaxing)
 .debug_str     0x0000000000120b46      0x417 /home/oleksandr/workspace/stm32f746g-disco_hal_lib/Debug/libstm32f746g-disco_hal_lib.a(stm32f7xx_hal_ltdc.o)
                                     0x11a831 (size before relaxing)
 .debug_str     0x0000000000120f5d      0x14f /home/oleksandr/workspace/stm32f746g-disco_hal_lib/Debug/libstm32f746g-disco_hal_lib.a(stm32f7xx_hal_rcc_ex.o)
                                     0x11a576 (size before relaxing)
 .debug_str     0x00000000001210ac      0x273 /home/oleksandr/workspace/stm32f746g-disco_hal_lib/Debug/libstm32f746g-disco_hal_lib.a(stm32f7xx_hal_sdram.o)
                                     0x11a7df (size before relaxing)
 .debug_str     0x000000000012131f      0x465 /home/oleksandr/workspace/stm32f746g-disco_hal_lib/Debug/libstm32f746g-disco_hal_lib.a(stm32f7xx_ll_fmc.o)
                                     0x11a72f (size before relaxing)

.comment        0x0000000000000000       0x7f
 .comment       0x0000000000000000       0x7f src/LoRa.o
                                         0x80 (size before relaxing)
 .comment       0x000000000000007f       0x80 src/main.o
 .comment       0x000000000000007f       0x80 src/stm32f7xx_it.o
 .comment       0x000000000000007f       0x80 src/system_stm32f7xx.o
 .comment       0x000000000000007f       0x80 /home/oleksandr/workspace/stm32f746g-disco_hal_lib/Debug/libstm32f746g-disco_hal_lib.a(arm_cos_f32.o)
 .comment       0x000000000000007f       0x80 /home/oleksandr/workspace/stm32f746g-disco_hal_lib/Debug/libstm32f746g-disco_hal_lib.a(arm_sin_f32.o)
 .comment       0x000000000000007f       0x80 /home/oleksandr/workspace/stm32f746g-disco_hal_lib/Debug/libstm32f746g-disco_hal_lib.a(stm32f7xx_hal.o)
 .comment       0x000000000000007f       0x80 /home/oleksandr/workspace/stm32f746g-disco_hal_lib/Debug/libstm32f746g-disco_hal_lib.a(stm32f7xx_hal_cortex.o)
 .comment       0x000000000000007f       0x80 /home/oleksandr/workspace/stm32f746g-disco_hal_lib/Debug/libstm32f746g-disco_hal_lib.a(stm32f7xx_hal_pwr_ex.o)
 .comment       0x000000000000007f       0x80 /home/oleksandr/workspace/stm32f746g-disco_hal_lib/Debug/libstm32f746g-disco_hal_lib.a(stm32f7xx_hal_rcc.o)
 .comment       0x000000000000007f       0x80 /home/oleksandr/workspace/stm32f746g-disco_hal_lib/Debug/libstm32f746g-disco_hal_lib.a(stm32746g_discovery_lcd.o)
 .comment       0x000000000000007f       0x80 /home/oleksandr/workspace/stm32f746g-disco_hal_lib/Debug/libstm32f746g-disco_hal_lib.a(stm32746g_discovery_sdram.o)
 .comment       0x000000000000007f       0x80 /home/oleksandr/workspace/stm32f746g-disco_hal_lib/Debug/libstm32f746g-disco_hal_lib.a(arm_common_tables.o)
 .comment       0x000000000000007f       0x80 /home/oleksandr/workspace/stm32f746g-disco_hal_lib/Debug/libstm32f746g-disco_hal_lib.a(stm32f7xx_hal_dma.o)
 .comment       0x000000000000007f       0x80 /home/oleksandr/workspace/stm32f746g-disco_hal_lib/Debug/libstm32f746g-disco_hal_lib.a(stm32f7xx_hal_dma2d.o)
 .comment       0x000000000000007f       0x80 /home/oleksandr/workspace/stm32f746g-disco_hal_lib/Debug/libstm32f746g-disco_hal_lib.a(stm32f7xx_hal_gpio.o)
 .comment       0x000000000000007f       0x80 /home/oleksandr/workspace/stm32f746g-disco_hal_lib/Debug/libstm32f746g-disco_hal_lib.a(stm32f7xx_hal_ltdc.o)
 .comment       0x000000000000007f       0x80 /home/oleksandr/workspace/stm32f746g-disco_hal_lib/Debug/libstm32f746g-disco_hal_lib.a(stm32f7xx_hal_rcc_ex.o)
 .comment       0x000000000000007f       0x80 /home/oleksandr/workspace/stm32f746g-disco_hal_lib/Debug/libstm32f746g-disco_hal_lib.a(stm32f7xx_hal_sdram.o)
 .comment       0x000000000000007f       0x80 /home/oleksandr/workspace/stm32f746g-disco_hal_lib/Debug/libstm32f746g-disco_hal_lib.a(stm32f7xx_ll_fmc.o)

.debug_frame    0x0000000000000000     0x3194
 .debug_frame   0x0000000000000000       0x38 src/LoRa.o
 .debug_frame   0x0000000000000038       0xf4 src/main.o
 .debug_frame   0x000000000000012c       0x2c src/stm32f7xx_it.o
 .debug_frame   0x0000000000000158       0x58 src/system_stm32f7xx.o
 .debug_frame   0x00000000000001b0       0x38 /home/oleksandr/workspace/stm32f746g-disco_hal_lib/Debug/libstm32f746g-disco_hal_lib.a(arm_cos_f32.o)
 .debug_frame   0x00000000000001e8       0x38 /home/oleksandr/workspace/stm32f746g-disco_hal_lib/Debug/libstm32f746g-disco_hal_lib.a(arm_sin_f32.o)
 .debug_frame   0x0000000000000220      0x3b4 /home/oleksandr/workspace/stm32f746g-disco_hal_lib/Debug/libstm32f746g-disco_hal_lib.a(stm32f7xx_hal.o)
 .debug_frame   0x00000000000005d4      0x498 /home/oleksandr/workspace/stm32f746g-disco_hal_lib/Debug/libstm32f746g-disco_hal_lib.a(stm32f7xx_hal_cortex.o)
 .debug_frame   0x0000000000000a6c      0x1c8 /home/oleksandr/workspace/stm32f746g-disco_hal_lib/Debug/libstm32f746g-disco_hal_lib.a(stm32f7xx_hal_pwr_ex.o)
 .debug_frame   0x0000000000000c34      0x1fc /home/oleksandr/workspace/stm32f746g-disco_hal_lib/Debug/libstm32f746g-disco_hal_lib.a(stm32f7xx_hal_rcc.o)
 .debug_frame   0x0000000000000e30      0x840 /home/oleksandr/workspace/stm32f746g-disco_hal_lib/Debug/libstm32f746g-disco_hal_lib.a(stm32746g_discovery_lcd.o)
 .debug_frame   0x0000000000001670      0x168 /home/oleksandr/workspace/stm32f746g-disco_hal_lib/Debug/libstm32f746g-disco_hal_lib.a(stm32746g_discovery_sdram.o)
 .debug_frame   0x00000000000017d8      0x250 /home/oleksandr/workspace/stm32f746g-disco_hal_lib/Debug/libstm32f746g-disco_hal_lib.a(stm32f7xx_hal_dma.o)
 .debug_frame   0x0000000000001a28      0x490 /home/oleksandr/workspace/stm32f746g-disco_hal_lib/Debug/libstm32f746g-disco_hal_lib.a(stm32f7xx_hal_dma2d.o)
 .debug_frame   0x0000000000001eb8      0x14c /home/oleksandr/workspace/stm32f746g-disco_hal_lib/Debug/libstm32f746g-disco_hal_lib.a(stm32f7xx_hal_gpio.o)
 .debug_frame   0x0000000000002004      0x61c /home/oleksandr/workspace/stm32f746g-disco_hal_lib/Debug/libstm32f746g-disco_hal_lib.a(stm32f7xx_hal_ltdc.o)
 .debug_frame   0x0000000000002620      0x118 /home/oleksandr/workspace/stm32f746g-disco_hal_lib/Debug/libstm32f746g-disco_hal_lib.a(stm32f7xx_hal_rcc_ex.o)
 .debug_frame   0x0000000000002738      0x37c /home/oleksandr/workspace/stm32f746g-disco_hal_lib/Debug/libstm32f746g-disco_hal_lib.a(stm32f7xx_hal_sdram.o)
 .debug_frame   0x0000000000002ab4      0x37c /home/oleksandr/workspace/stm32f746g-disco_hal_lib/Debug/libstm32f746g-disco_hal_lib.a(stm32f7xx_ll_fmc.o)